[2018-11-06T14:55:43.834+0530][gc,heap] Heap region size: 1M
[2018-11-06T14:55:43.840+0530][gc     ] Using G1
[2018-11-06T14:55:43.840+0530][gc,heap,coops] Heap address: 0x00000000c0000000, size: 1024 MB, Compressed Oops mode: 32-bit
[2018-11-06T14:55:45.160+0530][gc,start     ] GC(0) Pause Initial Mark (Metadata GC Threshold)
[2018-11-06T14:55:45.160+0530][gc,task      ] GC(0) Using 4 workers of 4 for evacuation
[2018-11-06T14:55:45.168+0530][gc,phases    ] GC(0)   Pre Evacuate Collection Set: 0.0ms
[2018-11-06T14:55:45.168+0530][gc,phases    ] GC(0)   Evacuate Collection Set: 7.8ms
[2018-11-06T14:55:45.168+0530][gc,phases    ] GC(0)   Post Evacuate Collection Set: 0.4ms
[2018-11-06T14:55:45.168+0530][gc,phases    ] GC(0)   Other: 0.3ms
[2018-11-06T14:55:45.168+0530][gc,heap      ] GC(0) Eden regions: 39->0(44)
[2018-11-06T14:55:45.168+0530][gc,heap      ] GC(0) Survivor regions: 0->7(7)
[2018-11-06T14:55:45.168+0530][gc,heap      ] GC(0) Old regions: 0->0
[2018-11-06T14:55:45.168+0530][gc,heap      ] GC(0) Humongous regions: 0->0
[2018-11-06T14:55:45.168+0530][gc,metaspace ] GC(0) Metaspace: 20625K->20625K(1069056K)
[2018-11-06T14:55:45.168+0530][gc           ] GC(0) Pause Initial Mark (Metadata GC Threshold) 38M->6M(1024M) 8.503ms
[2018-11-06T14:55:45.168+0530][gc,cpu       ] GC(0) User=0.02s Sys=0.01s Real=0.01s
[2018-11-06T14:55:45.168+0530][gc           ] GC(1) Concurrent Cycle
[2018-11-06T14:55:45.168+0530][gc,marking   ] GC(1) Concurrent Clear Claimed Marks
[2018-11-06T14:55:45.168+0530][gc,marking   ] GC(1) Concurrent Clear Claimed Marks 0.045ms
[2018-11-06T14:55:45.168+0530][gc,marking   ] GC(1) Concurrent Scan Root Regions
[2018-11-06T14:55:45.174+0530][gc,marking   ] GC(1) Concurrent Scan Root Regions 5.947ms
[2018-11-06T14:55:45.174+0530][gc,marking   ] GC(1) Concurrent Mark (1.346s)
[2018-11-06T14:55:45.174+0530][gc,marking   ] GC(1) Concurrent Mark From Roots
[2018-11-06T14:55:45.174+0530][gc,task      ] GC(1) Using 1 workers of 1 for marking
[2018-11-06T14:55:45.175+0530][gc,marking   ] GC(1) Concurrent Mark From Roots 0.502ms
[2018-11-06T14:55:45.175+0530][gc,marking   ] GC(1) Concurrent Mark (1.346s, 1.346s) 0.535ms
[2018-11-06T14:55:45.175+0530][gc,start     ] GC(1) Pause Remark
[2018-11-06T14:55:45.182+0530][gc,stringtable] GC(1) Cleaned string and symbol table, strings: 8253 processed, 0 removed, symbols: 64841 processed, 42 removed
[2018-11-06T14:55:45.182+0530][gc            ] GC(1) Pause Remark 6M->6M(1024M) 6.618ms
[2018-11-06T14:55:45.182+0530][gc,cpu        ] GC(1) User=0.02s Sys=0.00s Real=0.00s
[2018-11-06T14:55:45.182+0530][gc,marking    ] GC(1) Concurrent Create Live Data
[2018-11-06T14:55:45.182+0530][gc,marking    ] GC(1) Concurrent Create Live Data 0.097ms
[2018-11-06T14:55:45.182+0530][gc,start      ] GC(1) Pause Cleanup
[2018-11-06T14:55:45.183+0530][gc            ] GC(1) Pause Cleanup 6M->6M(1024M) 0.718ms
[2018-11-06T14:55:45.183+0530][gc,cpu        ] GC(1) User=0.00s Sys=0.00s Real=0.00s
[2018-11-06T14:55:45.183+0530][gc,marking    ] GC(1) Concurrent Cleanup for Next Mark
[2018-11-06T14:55:45.185+0530][gc,marking    ] GC(1) Concurrent Cleanup for Next Mark 2.521ms
[2018-11-06T14:55:45.185+0530][gc            ] GC(1) Concurrent Cycle 17.132ms
[2018-11-06T14:55:46.716+0530][gc,start      ] GC(2) Pause Young (G1 Evacuation Pause)
[2018-11-06T14:55:46.716+0530][gc,task       ] GC(2) Using 4 workers of 4 for evacuation
[2018-11-06T14:55:46.728+0530][gc,phases     ] GC(2)   Pre Evacuate Collection Set: 0.0ms
[2018-11-06T14:55:46.728+0530][gc,phases     ] GC(2)   Evacuate Collection Set: 11.1ms
[2018-11-06T14:55:46.728+0530][gc,phases     ] GC(2)   Post Evacuate Collection Set: 0.4ms
[2018-11-06T14:55:46.728+0530][gc,phases     ] GC(2)   Other: 0.3ms
[2018-11-06T14:55:46.728+0530][gc,heap       ] GC(2) Eden regions: 44->0(48)
[2018-11-06T14:55:46.728+0530][gc,heap       ] GC(2) Survivor regions: 7->3(7)
[2018-11-06T14:55:46.728+0530][gc,heap       ] GC(2) Old regions: 0->7
[2018-11-06T14:55:46.728+0530][gc,heap       ] GC(2) Humongous regions: 129->129
[2018-11-06T14:55:46.728+0530][gc,metaspace  ] GC(2) Metaspace: 29834K->29834K(1077248K)
[2018-11-06T14:55:46.728+0530][gc            ] GC(2) Pause Young (G1 Evacuation Pause) 179M->137M(1024M) 11.862ms
[2018-11-06T14:55:46.728+0530][gc,cpu        ] GC(2) User=0.04s Sys=0.00s Real=0.01s
[2018-11-06T14:55:47.214+0530][gc,start      ] GC(3) Pause Initial Mark (Metadata GC Threshold)
[2018-11-06T14:55:47.214+0530][gc,task       ] GC(3) Using 4 workers of 4 for evacuation
[2018-11-06T14:55:47.223+0530][gc,phases     ] GC(3)   Pre Evacuate Collection Set: 0.1ms
[2018-11-06T14:55:47.223+0530][gc,phases     ] GC(3)   Evacuate Collection Set: 7.8ms
[2018-11-06T14:55:47.223+0530][gc,phases     ] GC(3)   Post Evacuate Collection Set: 0.2ms
[2018-11-06T14:55:47.223+0530][gc,phases     ] GC(3)   Other: 0.4ms
[2018-11-06T14:55:47.223+0530][gc,heap       ] GC(3) Eden regions: 28->0(46)
[2018-11-06T14:55:47.223+0530][gc,heap       ] GC(3) Survivor regions: 3->5(7)
[2018-11-06T14:55:47.223+0530][gc,heap       ] GC(3) Old regions: 7->7
[2018-11-06T14:55:47.223+0530][gc,heap       ] GC(3) Humongous regions: 129->129
[2018-11-06T14:55:47.223+0530][gc,metaspace  ] GC(3) Metaspace: 34682K->34682K(1081344K)
[2018-11-06T14:55:47.223+0530][gc            ] GC(3) Pause Initial Mark (Metadata GC Threshold) 165M->139M(1024M) 8.570ms
[2018-11-06T14:55:47.223+0530][gc,cpu        ] GC(3) User=0.03s Sys=0.00s Real=0.01s
[2018-11-06T14:55:47.223+0530][gc            ] GC(4) Concurrent Cycle
[2018-11-06T14:55:47.223+0530][gc,marking    ] GC(4) Concurrent Clear Claimed Marks
[2018-11-06T14:55:47.223+0530][gc,marking    ] GC(4) Concurrent Clear Claimed Marks 0.078ms
[2018-11-06T14:55:47.223+0530][gc,marking    ] GC(4) Concurrent Scan Root Regions
[2018-11-06T14:55:47.228+0530][gc,marking    ] GC(4) Concurrent Scan Root Regions 5.175ms
[2018-11-06T14:55:47.228+0530][gc,marking    ] GC(4) Concurrent Mark (3.400s)
[2018-11-06T14:55:47.228+0530][gc,marking    ] GC(4) Concurrent Mark From Roots
[2018-11-06T14:55:47.228+0530][gc,task       ] GC(4) Using 1 workers of 1 for marking
[2018-11-06T14:55:47.265+0530][gc,marking    ] GC(4) Concurrent Mark From Roots 36.546ms
[2018-11-06T14:55:47.265+0530][gc,marking    ] GC(4) Concurrent Mark (3.400s, 3.436s) 36.604ms
[2018-11-06T14:55:47.265+0530][gc,start      ] GC(4) Pause Remark
[2018-11-06T14:55:47.273+0530][gc,stringtable] GC(4) Cleaned string and symbol table, strings: 12449 processed, 7 removed, symbols: 100467 processed, 29 removed
[2018-11-06T14:55:47.273+0530][gc            ] GC(4) Pause Remark 141M->141M(1024M) 7.390ms
[2018-11-06T14:55:47.273+0530][gc,cpu        ] GC(4) User=0.03s Sys=0.00s Real=0.01s
[2018-11-06T14:55:47.273+0530][gc,marking    ] GC(4) Concurrent Create Live Data
[2018-11-06T14:55:47.278+0530][gc,marking    ] GC(4) Concurrent Create Live Data 5.240ms
[2018-11-06T14:55:47.279+0530][gc,start      ] GC(4) Pause Cleanup
[2018-11-06T14:55:47.280+0530][gc            ] GC(4) Pause Cleanup 141M->141M(1024M) 0.995ms
[2018-11-06T14:55:47.280+0530][gc,cpu        ] GC(4) User=0.00s Sys=0.00s Real=0.00s
[2018-11-06T14:55:47.280+0530][gc,marking    ] GC(4) Concurrent Cleanup for Next Mark
[2018-11-06T14:55:47.291+0530][gc,marking    ] GC(4) Concurrent Cleanup for Next Mark 11.729ms
[2018-11-06T14:55:47.292+0530][gc            ] GC(4) Concurrent Cycle 68.484ms
[2018-11-06T14:55:48.609+0530][gc,start      ] GC(5) Pause Initial Mark (G1 Evacuation Pause)
[2018-11-06T14:55:48.609+0530][gc,task       ] GC(5) Using 4 workers of 4 for evacuation
[2018-11-06T14:55:48.618+0530][gc,phases     ] GC(5)   Pre Evacuate Collection Set: 0.1ms
[2018-11-06T14:55:48.618+0530][gc,phases     ] GC(5)   Evacuate Collection Set: 8.2ms
[2018-11-06T14:55:48.618+0530][gc,phases     ] GC(5)   Post Evacuate Collection Set: 0.4ms
[2018-11-06T14:55:48.618+0530][gc,phases     ] GC(5)   Other: 0.4ms
[2018-11-06T14:55:48.618+0530][gc,heap       ] GC(5) Eden regions: 46->0(47)
[2018-11-06T14:55:48.618+0530][gc,heap       ] GC(5) Survivor regions: 5->4(7)
[2018-11-06T14:55:48.618+0530][gc,heap       ] GC(5) Old regions: 7->9
[2018-11-06T14:55:48.618+0530][gc,heap       ] GC(5) Humongous regions: 243->135
[2018-11-06T14:55:48.618+0530][gc,metaspace  ] GC(5) Metaspace: 37976K->37976K(1083392K)
[2018-11-06T14:55:48.618+0530][gc            ] GC(5) Pause Initial Mark (G1 Evacuation Pause) 299M->147M(1024M) 9.254ms
[2018-11-06T14:55:48.618+0530][gc,cpu        ] GC(5) User=0.03s Sys=0.00s Real=0.01s
[2018-11-06T14:55:48.618+0530][gc            ] GC(6) Concurrent Cycle
[2018-11-06T14:55:48.618+0530][gc,marking    ] GC(6) Concurrent Clear Claimed Marks
[2018-11-06T14:55:48.618+0530][gc,marking    ] GC(6) Concurrent Clear Claimed Marks 0.107ms
[2018-11-06T14:55:48.618+0530][gc,marking    ] GC(6) Concurrent Scan Root Regions
[2018-11-06T14:55:48.622+0530][gc,marking    ] GC(6) Concurrent Scan Root Regions 4.351ms
[2018-11-06T14:55:48.622+0530][gc,marking    ] GC(6) Concurrent Mark (4.794s)
[2018-11-06T14:55:48.622+0530][gc,marking    ] GC(6) Concurrent Mark From Roots
[2018-11-06T14:55:48.622+0530][gc,task       ] GC(6) Using 1 workers of 1 for marking
[2018-11-06T14:55:48.640+0530][gc,marking    ] GC(6) Concurrent Mark From Roots 17.073ms
[2018-11-06T14:55:48.640+0530][gc,marking    ] GC(6) Concurrent Mark (4.794s, 4.811s) 17.122ms
[2018-11-06T14:55:48.640+0530][gc,start      ] GC(6) Pause Remark
[2018-11-06T14:55:48.648+0530][gc,stringtable] GC(6) Cleaned string and symbol table, strings: 13538 processed, 0 removed, symbols: 102676 processed, 0 removed
[2018-11-06T14:55:48.648+0530][gc            ] GC(6) Pause Remark 157M->157M(1024M) 7.869ms
[2018-11-06T14:55:48.648+0530][gc,cpu        ] GC(6) User=0.02s Sys=0.00s Real=0.01s
[2018-11-06T14:55:48.648+0530][gc,marking    ] GC(6) Concurrent Create Live Data
[2018-11-06T14:55:48.650+0530][gc,marking    ] GC(6) Concurrent Create Live Data 2.633ms
[2018-11-06T14:55:48.651+0530][gc,start      ] GC(6) Pause Cleanup
[2018-11-06T14:55:48.651+0530][gc            ] GC(6) Pause Cleanup 157M->157M(1024M) 0.506ms
[2018-11-06T14:55:48.651+0530][gc,cpu        ] GC(6) User=0.00s Sys=0.00s Real=0.01s
[2018-11-06T14:55:48.651+0530][gc,marking    ] GC(6) Concurrent Cleanup for Next Mark
[2018-11-06T14:55:48.652+0530][gc,marking    ] GC(6) Concurrent Cleanup for Next Mark 1.293ms
[2018-11-06T14:55:48.652+0530][gc            ] GC(6) Concurrent Cycle 34.498ms
[2018-11-06T14:58:23.826+0530][gc,start      ] GC(7) Pause Young (G1 Evacuation Pause)
[2018-11-06T14:58:23.826+0530][gc,task       ] GC(7) Using 4 workers of 4 for evacuation
[2018-11-06T14:58:23.835+0530][gc,phases     ] GC(7)   Pre Evacuate Collection Set: 0.0ms
[2018-11-06T14:58:23.835+0530][gc,phases     ] GC(7)   Evacuate Collection Set: 7.7ms
[2018-11-06T14:58:23.835+0530][gc,phases     ] GC(7)   Post Evacuate Collection Set: 0.4ms
[2018-11-06T14:58:23.835+0530][gc,phases     ] GC(7)   Other: 0.3ms
[2018-11-06T14:58:23.835+0530][gc,heap       ] GC(7) Eden regions: 47->0(45)
[2018-11-06T14:58:23.835+0530][gc,heap       ] GC(7) Survivor regions: 4->6(7)
[2018-11-06T14:58:23.835+0530][gc,heap       ] GC(7) Old regions: 9->9
[2018-11-06T14:58:23.835+0530][gc,heap       ] GC(7) Humongous regions: 225->129
[2018-11-06T14:58:23.835+0530][gc,metaspace  ] GC(7) Metaspace: 40797K->40797K(1087488K)
[2018-11-06T14:58:23.835+0530][gc            ] GC(7) Pause Young (G1 Evacuation Pause) 284M->142M(1024M) 8.466ms
[2018-11-06T14:58:23.835+0530][gc,cpu        ] GC(7) User=0.04s Sys=0.00s Real=0.01s
[2018-11-06T15:01:18.856+0530][gc,heap,exit  ] Heap
[2018-11-06T15:01:18.856+0530][gc,heap,exit  ]  garbage-first heap   total 1048576K, used 189965K [0x00000000c0000000, 0x0000000100000000)
[2018-11-06T15:01:18.856+0530][gc,heap,exit  ]   region size 1024K, 50 young (51200K), 6 survivors (6144K)
[2018-11-06T15:01:18.856+0530][gc,heap,exit  ]  Metaspace       used 41760K, capacity 43141K, committed 43648K, reserved 1087488K
[2018-11-06T15:01:18.856+0530][gc,heap,exit  ]   class space    used 5043K, capacity 5432K, committed 5504K, reserved 1048576K
