[2018-11-06T12:25:56.986+0530][gc,heap] Heap region size: 1M
[2018-11-06T12:25:56.992+0530][gc     ] Using G1
[2018-11-06T12:25:56.992+0530][gc,heap,coops] Heap address: 0x00000000c0000000, size: 1024 MB, Compressed Oops mode: 32-bit
[2018-11-06T12:25:58.297+0530][gc,start     ] GC(0) Pause Initial Mark (Metadata GC Threshold)
[2018-11-06T12:25:58.297+0530][gc,task      ] GC(0) Using 4 workers of 4 for evacuation
[2018-11-06T12:25:58.306+0530][gc,phases    ] GC(0)   Pre Evacuate Collection Set: 0.0ms
[2018-11-06T12:25:58.306+0530][gc,phases    ] GC(0)   Evacuate Collection Set: 8.5ms
[2018-11-06T12:25:58.306+0530][gc,phases    ] GC(0)   Post Evacuate Collection Set: 0.3ms
[2018-11-06T12:25:58.306+0530][gc,phases    ] GC(0)   Other: 0.3ms
[2018-11-06T12:25:58.306+0530][gc,heap      ] GC(0) Eden regions: 39->0(44)
[2018-11-06T12:25:58.306+0530][gc,heap      ] GC(0) Survivor regions: 0->7(7)
[2018-11-06T12:25:58.306+0530][gc,heap      ] GC(0) Old regions: 0->0
[2018-11-06T12:25:58.306+0530][gc,heap      ] GC(0) Humongous regions: 0->0
[2018-11-06T12:25:58.306+0530][gc,metaspace ] GC(0) Metaspace: 20626K->20626K(1069056K)
[2018-11-06T12:25:58.306+0530][gc           ] GC(0) Pause Initial Mark (Metadata GC Threshold) 38M->6M(1024M) 9.165ms
[2018-11-06T12:25:58.306+0530][gc,cpu       ] GC(0) User=0.04s Sys=0.00s Real=0.01s
[2018-11-06T12:25:58.306+0530][gc           ] GC(1) Concurrent Cycle
[2018-11-06T12:25:58.306+0530][gc,marking   ] GC(1) Concurrent Clear Claimed Marks
[2018-11-06T12:25:58.306+0530][gc,marking   ] GC(1) Concurrent Clear Claimed Marks 0.035ms
[2018-11-06T12:25:58.306+0530][gc,marking   ] GC(1) Concurrent Scan Root Regions
[2018-11-06T12:25:58.311+0530][gc,marking   ] GC(1) Concurrent Scan Root Regions 4.869ms
[2018-11-06T12:25:58.311+0530][gc,marking   ] GC(1) Concurrent Mark (1.330s)
[2018-11-06T12:25:58.311+0530][gc,marking   ] GC(1) Concurrent Mark From Roots
[2018-11-06T12:25:58.311+0530][gc,task      ] GC(1) Using 1 workers of 1 for marking
[2018-11-06T12:25:58.311+0530][gc,marking   ] GC(1) Concurrent Mark From Roots 0.394ms
[2018-11-06T12:25:58.311+0530][gc,marking   ] GC(1) Concurrent Mark (1.330s, 1.331s) 0.435ms
[2018-11-06T12:25:58.311+0530][gc,start     ] GC(1) Pause Remark
[2018-11-06T12:25:58.315+0530][gc,stringtable] GC(1) Cleaned string and symbol table, strings: 8279 processed, 0 removed, symbols: 64900 processed, 42 removed
[2018-11-06T12:25:58.315+0530][gc            ] GC(1) Pause Remark 7M->7M(1024M) 3.502ms
[2018-11-06T12:25:58.315+0530][gc,cpu        ] GC(1) User=0.01s Sys=0.00s Real=0.00s
[2018-11-06T12:25:58.315+0530][gc,marking    ] GC(1) Concurrent Create Live Data
[2018-11-06T12:25:58.315+0530][gc,marking    ] GC(1) Concurrent Create Live Data 0.163ms
[2018-11-06T12:25:58.315+0530][gc,start      ] GC(1) Pause Cleanup
[2018-11-06T12:25:58.316+0530][gc            ] GC(1) Pause Cleanup 7M->7M(1024M) 0.858ms
[2018-11-06T12:25:58.316+0530][gc,cpu        ] GC(1) User=0.00s Sys=0.00s Real=0.00s
[2018-11-06T12:25:58.316+0530][gc,marking    ] GC(1) Concurrent Cleanup for Next Mark
[2018-11-06T12:25:58.319+0530][gc,marking    ] GC(1) Concurrent Cleanup for Next Mark 2.512ms
[2018-11-06T12:25:58.319+0530][gc            ] GC(1) Concurrent Cycle 12.760ms
[2018-11-06T12:25:59.587+0530][gc,start      ] GC(2) Pause Young (G1 Evacuation Pause)
[2018-11-06T12:25:59.587+0530][gc,task       ] GC(2) Using 4 workers of 4 for evacuation
[2018-11-06T12:25:59.599+0530][gc,phases     ] GC(2)   Pre Evacuate Collection Set: 0.0ms
[2018-11-06T12:25:59.599+0530][gc,phases     ] GC(2)   Evacuate Collection Set: 10.9ms
[2018-11-06T12:25:59.599+0530][gc,phases     ] GC(2)   Post Evacuate Collection Set: 0.4ms
[2018-11-06T12:25:59.599+0530][gc,phases     ] GC(2)   Other: 0.3ms
[2018-11-06T12:25:59.599+0530][gc,heap       ] GC(2) Eden regions: 44->0(48)
[2018-11-06T12:25:59.599+0530][gc,heap       ] GC(2) Survivor regions: 7->3(7)
[2018-11-06T12:25:59.599+0530][gc,heap       ] GC(2) Old regions: 0->7
[2018-11-06T12:25:59.599+0530][gc,heap       ] GC(2) Humongous regions: 129->129
[2018-11-06T12:25:59.599+0530][gc,metaspace  ] GC(2) Metaspace: 29827K->29827K(1077248K)
[2018-11-06T12:25:59.599+0530][gc            ] GC(2) Pause Young (G1 Evacuation Pause) 179M->137M(1024M) 11.786ms
[2018-11-06T12:25:59.599+0530][gc,cpu        ] GC(2) User=0.04s Sys=0.00s Real=0.01s
[2018-11-06T12:26:00.146+0530][gc,start      ] GC(3) Pause Initial Mark (Metadata GC Threshold)
[2018-11-06T12:26:00.146+0530][gc,task       ] GC(3) Using 4 workers of 4 for evacuation
[2018-11-06T12:26:00.154+0530][gc,phases     ] GC(3)   Pre Evacuate Collection Set: 0.1ms
[2018-11-06T12:26:00.154+0530][gc,phases     ] GC(3)   Evacuate Collection Set: 7.3ms
[2018-11-06T12:26:00.154+0530][gc,phases     ] GC(3)   Post Evacuate Collection Set: 0.2ms
[2018-11-06T12:26:00.154+0530][gc,phases     ] GC(3)   Other: 0.4ms
[2018-11-06T12:26:00.154+0530][gc,heap       ] GC(3) Eden regions: 28->0(46)
[2018-11-06T12:26:00.154+0530][gc,heap       ] GC(3) Survivor regions: 3->5(7)
[2018-11-06T12:26:00.154+0530][gc,heap       ] GC(3) Old regions: 7->7
[2018-11-06T12:26:00.154+0530][gc,heap       ] GC(3) Humongous regions: 129->129
[2018-11-06T12:26:00.154+0530][gc,metaspace  ] GC(3) Metaspace: 34788K->34788K(1081344K)
[2018-11-06T12:26:00.154+0530][gc            ] GC(3) Pause Initial Mark (Metadata GC Threshold) 164M->139M(1024M) 8.079ms
[2018-11-06T12:26:00.154+0530][gc,cpu        ] GC(3) User=0.02s Sys=0.00s Real=0.01s
[2018-11-06T12:26:00.154+0530][gc            ] GC(4) Concurrent Cycle
[2018-11-06T12:26:00.154+0530][gc,marking    ] GC(4) Concurrent Clear Claimed Marks
[2018-11-06T12:26:00.154+0530][gc,marking    ] GC(4) Concurrent Clear Claimed Marks 0.028ms
[2018-11-06T12:26:00.154+0530][gc,marking    ] GC(4) Concurrent Scan Root Regions
[2018-11-06T12:26:00.159+0530][gc,marking    ] GC(4) Concurrent Scan Root Regions 4.987ms
[2018-11-06T12:26:00.159+0530][gc,marking    ] GC(4) Concurrent Mark (3.178s)
[2018-11-06T12:26:00.159+0530][gc,marking    ] GC(4) Concurrent Mark From Roots
[2018-11-06T12:26:00.159+0530][gc,task       ] GC(4) Using 1 workers of 1 for marking
[2018-11-06T12:26:00.174+0530][gc,marking    ] GC(4) Concurrent Mark From Roots 14.588ms
[2018-11-06T12:26:00.174+0530][gc,marking    ] GC(4) Concurrent Mark (3.178s, 3.193s) 14.653ms
[2018-11-06T12:26:00.174+0530][gc,start      ] GC(4) Pause Remark
[2018-11-06T12:26:00.181+0530][gc,stringtable] GC(4) Cleaned string and symbol table, strings: 12444 processed, 7 removed, symbols: 100474 processed, 29 removed
[2018-11-06T12:26:00.181+0530][gc            ] GC(4) Pause Remark 141M->141M(1024M) 7.101ms
[2018-11-06T12:26:00.181+0530][gc,cpu        ] GC(4) User=0.03s Sys=0.00s Real=0.00s
[2018-11-06T12:26:00.181+0530][gc,marking    ] GC(4) Concurrent Create Live Data
[2018-11-06T12:26:00.184+0530][gc,marking    ] GC(4) Concurrent Create Live Data 2.619ms
[2018-11-06T12:26:00.186+0530][gc,start      ] GC(4) Pause Cleanup
[2018-11-06T12:26:00.187+0530][gc            ] GC(4) Pause Cleanup 141M->141M(1024M) 0.708ms
[2018-11-06T12:26:00.187+0530][gc,cpu        ] GC(4) User=0.00s Sys=0.00s Real=0.00s
[2018-11-06T12:26:00.187+0530][gc,marking    ] GC(4) Concurrent Cleanup for Next Mark
[2018-11-06T12:26:00.191+0530][gc,marking    ] GC(4) Concurrent Cleanup for Next Mark 4.088ms
[2018-11-06T12:26:00.191+0530][gc            ] GC(4) Concurrent Cycle 37.382ms
[2018-11-06T12:26:01.251+0530][gc,start      ] GC(5) Pause Young (G1 Evacuation Pause)
[2018-11-06T12:26:01.251+0530][gc,task       ] GC(5) Using 4 workers of 4 for evacuation
[2018-11-06T12:26:01.261+0530][gc,phases     ] GC(5)   Pre Evacuate Collection Set: 0.0ms
[2018-11-06T12:26:01.261+0530][gc,phases     ] GC(5)   Evacuate Collection Set: 9.0ms
[2018-11-06T12:26:01.261+0530][gc,phases     ] GC(5)   Post Evacuate Collection Set: 0.3ms
[2018-11-06T12:26:01.261+0530][gc,phases     ] GC(5)   Other: 0.5ms
[2018-11-06T12:26:01.261+0530][gc,heap       ] GC(5) Eden regions: 46->0(47)
[2018-11-06T12:26:01.261+0530][gc,heap       ] GC(5) Survivor regions: 5->4(7)
[2018-11-06T12:26:01.261+0530][gc,heap       ] GC(5) Old regions: 7->9
[2018-11-06T12:26:01.261+0530][gc,heap       ] GC(5) Humongous regions: 213->135
[2018-11-06T12:26:01.261+0530][gc,metaspace  ] GC(5) Metaspace: 39077K->39077K(1085440K)
[2018-11-06T12:26:01.261+0530][gc            ] GC(5) Pause Young (G1 Evacuation Pause) 269M->147M(1024M) 10.037ms
[2018-11-06T12:26:01.261+0530][gc,cpu        ] GC(5) User=0.03s Sys=0.01s Real=0.00s
[2018-11-06T12:27:33.402+0530][gc,start      ] GC(6) Pause Young (G1 Evacuation Pause)
[2018-11-06T12:27:33.402+0530][gc,task       ] GC(6) Using 4 workers of 4 for evacuation
[2018-11-06T12:27:33.411+0530][gc,phases     ] GC(6)   Pre Evacuate Collection Set: 0.0ms
[2018-11-06T12:27:33.411+0530][gc,phases     ] GC(6)   Evacuate Collection Set: 8.2ms
[2018-11-06T12:27:33.411+0530][gc,phases     ] GC(6)   Post Evacuate Collection Set: 0.4ms
[2018-11-06T12:27:33.411+0530][gc,phases     ] GC(6)   Other: 0.3ms
[2018-11-06T12:27:33.411+0530][gc,heap       ] GC(6) Eden regions: 47->0(47)
[2018-11-06T12:27:33.411+0530][gc,heap       ] GC(6) Survivor regions: 4->4(7)
[2018-11-06T12:27:33.411+0530][gc,heap       ] GC(6) Old regions: 9->11
[2018-11-06T12:27:33.411+0530][gc,heap       ] GC(6) Humongous regions: 249->129
[2018-11-06T12:27:33.411+0530][gc,metaspace  ] GC(6) Metaspace: 40925K->40925K(1087488K)
[2018-11-06T12:27:33.411+0530][gc            ] GC(6) Pause Young (G1 Evacuation Pause) 308M->143M(1024M) 9.058ms
[2018-11-06T12:27:33.411+0530][gc,cpu        ] GC(6) User=0.04s Sys=0.00s Real=0.02s
[2018-11-06T12:32:00.929+0530][gc,start      ] GC(7) Pause Young (G1 Evacuation Pause)
[2018-11-06T12:32:00.929+0530][gc,task       ] GC(7) Using 4 workers of 4 for evacuation
[2018-11-06T12:32:00.938+0530][gc,phases     ] GC(7)   Pre Evacuate Collection Set: 0.0ms
[2018-11-06T12:32:00.938+0530][gc,phases     ] GC(7)   Evacuate Collection Set: 8.1ms
[2018-11-06T12:32:00.938+0530][gc,phases     ] GC(7)   Post Evacuate Collection Set: 0.3ms
[2018-11-06T12:32:00.938+0530][gc,phases     ] GC(7)   Other: 0.3ms
[2018-11-06T12:32:00.938+0530][gc,heap       ] GC(7) Eden regions: 47->0(46)
[2018-11-06T12:32:00.938+0530][gc,heap       ] GC(7) Survivor regions: 4->5(7)
[2018-11-06T12:32:00.938+0530][gc,heap       ] GC(7) Old regions: 11->11
[2018-11-06T12:32:00.938+0530][gc,heap       ] GC(7) Humongous regions: 129->129
[2018-11-06T12:32:00.938+0530][gc,metaspace  ] GC(7) Metaspace: 41275K->41275K(1087488K)
[2018-11-06T12:32:00.938+0530][gc            ] GC(7) Pause Young (G1 Evacuation Pause) 190M->144M(1024M) 8.781ms
[2018-11-06T12:32:00.938+0530][gc,cpu        ] GC(7) User=0.03s Sys=0.00s Real=0.01s
[2018-11-06T12:35:48.058+0530][gc,start      ] GC(8) Pause Young (G1 Evacuation Pause)
[2018-11-06T12:35:48.058+0530][gc,task       ] GC(8) Using 4 workers of 4 for evacuation
[2018-11-06T12:35:48.069+0530][gc,phases     ] GC(8)   Pre Evacuate Collection Set: 0.0ms
[2018-11-06T12:35:48.069+0530][gc,phases     ] GC(8)   Evacuate Collection Set: 9.4ms
[2018-11-06T12:35:48.069+0530][gc,phases     ] GC(8)   Post Evacuate Collection Set: 0.5ms
[2018-11-06T12:35:48.069+0530][gc,phases     ] GC(8)   Other: 0.3ms
[2018-11-06T12:35:48.069+0530][gc,heap       ] GC(8) Eden regions: 46->0(48)
[2018-11-06T12:35:48.069+0530][gc,heap       ] GC(8) Survivor regions: 5->3(7)
[2018-11-06T12:35:48.069+0530][gc,heap       ] GC(8) Old regions: 11->12
[2018-11-06T12:35:48.069+0530][gc,heap       ] GC(8) Humongous regions: 129->129
[2018-11-06T12:35:48.069+0530][gc,metaspace  ] GC(8) Metaspace: 41514K->41514K(1087488K)
[2018-11-06T12:35:48.069+0530][gc            ] GC(8) Pause Young (G1 Evacuation Pause) 190M->144M(1024M) 10.293ms
[2018-11-06T12:35:48.069+0530][gc,cpu        ] GC(8) User=0.03s Sys=0.00s Real=0.01s
[2018-11-06T12:41:25.829+0530][gc,start      ] GC(9) Pause Young (G1 Evacuation Pause)
[2018-11-06T12:41:25.829+0530][gc,task       ] GC(9) Using 4 workers of 4 for evacuation
[2018-11-06T12:41:25.836+0530][gc,phases     ] GC(9)   Pre Evacuate Collection Set: 0.0ms
[2018-11-06T12:41:25.836+0530][gc,phases     ] GC(9)   Evacuate Collection Set: 6.4ms
[2018-11-06T12:41:25.836+0530][gc,phases     ] GC(9)   Post Evacuate Collection Set: 0.3ms
[2018-11-06T12:41:25.836+0530][gc,phases     ] GC(9)   Other: 0.2ms
[2018-11-06T12:41:25.836+0530][gc,heap       ] GC(9) Eden regions: 48->0(47)
[2018-11-06T12:41:25.836+0530][gc,heap       ] GC(9) Survivor regions: 3->4(7)
[2018-11-06T12:41:25.836+0530][gc,heap       ] GC(9) Old regions: 12->12
[2018-11-06T12:41:25.836+0530][gc,heap       ] GC(9) Humongous regions: 129->129
[2018-11-06T12:41:25.836+0530][gc,metaspace  ] GC(9) Metaspace: 41601K->41601K(1087488K)
[2018-11-06T12:41:25.836+0530][gc            ] GC(9) Pause Young (G1 Evacuation Pause) 192M->144M(1024M) 7.025ms
[2018-11-06T12:41:25.836+0530][gc,cpu        ] GC(9) User=0.03s Sys=0.00s Real=0.01s
[2018-11-06T12:48:15.726+0530][gc,start      ] GC(10) Pause Young (G1 Evacuation Pause)
[2018-11-06T12:48:15.726+0530][gc,task       ] GC(10) Using 4 workers of 4 for evacuation
[2018-11-06T12:48:15.733+0530][gc,phases     ] GC(10)   Pre Evacuate Collection Set: 0.0ms
[2018-11-06T12:48:15.733+0530][gc,phases     ] GC(10)   Evacuate Collection Set: 6.6ms
[2018-11-06T12:48:15.733+0530][gc,phases     ] GC(10)   Post Evacuate Collection Set: 0.3ms
[2018-11-06T12:48:15.733+0530][gc,phases     ] GC(10)   Other: 0.2ms
[2018-11-06T12:48:15.733+0530][gc,heap       ] GC(10) Eden regions: 47->0(47)
[2018-11-06T12:48:15.733+0530][gc,heap       ] GC(10) Survivor regions: 4->4(7)
[2018-11-06T12:48:15.733+0530][gc,heap       ] GC(10) Old regions: 12->12
[2018-11-06T12:48:15.733+0530][gc,heap       ] GC(10) Humongous regions: 129->129
[2018-11-06T12:48:15.733+0530][gc,metaspace  ] GC(10) Metaspace: 41685K->41685K(1087488K)
[2018-11-06T12:48:15.733+0530][gc            ] GC(10) Pause Young (G1 Evacuation Pause) 191M->144M(1024M) 7.256ms
[2018-11-06T12:48:15.733+0530][gc,cpu        ] GC(10) User=0.02s Sys=0.00s Real=0.01s
[2018-11-06T12:53:38.671+0530][gc,start      ] GC(11) Pause Young (G1 Evacuation Pause)
[2018-11-06T12:53:38.671+0530][gc,task       ] GC(11) Using 4 workers of 4 for evacuation
[2018-11-06T12:53:38.678+0530][gc,phases     ] GC(11)   Pre Evacuate Collection Set: 0.0ms
[2018-11-06T12:53:38.678+0530][gc,phases     ] GC(11)   Evacuate Collection Set: 5.9ms
[2018-11-06T12:53:38.678+0530][gc,phases     ] GC(11)   Post Evacuate Collection Set: 0.3ms
[2018-11-06T12:53:38.678+0530][gc,phases     ] GC(11)   Other: 0.2ms
[2018-11-06T12:53:38.678+0530][gc,heap       ] GC(11) Eden regions: 47->0(49)
[2018-11-06T12:53:38.678+0530][gc,heap       ] GC(11) Survivor regions: 4->4(7)
[2018-11-06T12:53:38.678+0530][gc,heap       ] GC(11) Old regions: 12->13
[2018-11-06T12:53:38.678+0530][gc,heap       ] GC(11) Humongous regions: 129->129
[2018-11-06T12:53:38.678+0530][gc,metaspace  ] GC(11) Metaspace: 41717K->41717K(1087488K)
[2018-11-06T12:53:38.678+0530][gc            ] GC(11) Pause Young (G1 Evacuation Pause) 191M->144M(1024M) 6.593ms
[2018-11-06T12:53:38.678+0530][gc,cpu        ] GC(11) User=0.02s Sys=0.00s Real=0.00s
[2018-11-06T12:59:17.201+0530][gc,start      ] GC(12) Pause Young (G1 Evacuation Pause)
[2018-11-06T12:59:17.201+0530][gc,task       ] GC(12) Using 4 workers of 4 for evacuation
[2018-11-06T12:59:17.207+0530][gc,phases     ] GC(12)   Pre Evacuate Collection Set: 0.0ms
[2018-11-06T12:59:17.207+0530][gc,phases     ] GC(12)   Evacuate Collection Set: 5.4ms
[2018-11-06T12:59:17.207+0530][gc,phases     ] GC(12)   Post Evacuate Collection Set: 0.3ms
[2018-11-06T12:59:17.207+0530][gc,phases     ] GC(12)   Other: 0.2ms
[2018-11-06T12:59:17.207+0530][gc,heap       ] GC(12) Eden regions: 49->0(75)
[2018-11-06T12:59:17.207+0530][gc,heap       ] GC(12) Survivor regions: 4->4(7)
[2018-11-06T12:59:17.207+0530][gc,heap       ] GC(12) Old regions: 13->13
[2018-11-06T12:59:17.207+0530][gc,heap       ] GC(12) Humongous regions: 129->129
[2018-11-06T12:59:17.207+0530][gc,metaspace  ] GC(12) Metaspace: 41746K->41746K(1087488K)
[2018-11-06T12:59:17.207+0530][gc            ] GC(12) Pause Young (G1 Evacuation Pause) 193M->144M(1024M) 6.011ms
[2018-11-06T12:59:17.207+0530][gc,cpu        ] GC(12) User=0.02s Sys=0.00s Real=0.01s
[2018-11-06T14:33:35.351+0530][gc,start      ] GC(13) Pause Young (G1 Evacuation Pause)
[2018-11-06T14:33:35.374+0530][gc,task       ] GC(13) Using 4 workers of 4 for evacuation
[2018-11-06T14:33:35.390+0530][gc,phases     ] GC(13)   Pre Evacuate Collection Set: 0.1ms
[2018-11-06T14:33:35.390+0530][gc,phases     ] GC(13)   Evacuate Collection Set: 14.6ms
[2018-11-06T14:33:35.390+0530][gc,phases     ] GC(13)   Post Evacuate Collection Set: 0.3ms
[2018-11-06T14:33:35.390+0530][gc,phases     ] GC(13)   Other: 24.1ms
[2018-11-06T14:33:35.390+0530][gc,heap       ] GC(13) Eden regions: 75->0(125)
[2018-11-06T14:33:35.390+0530][gc,heap       ] GC(13) Survivor regions: 4->4(10)
[2018-11-06T14:33:35.390+0530][gc,heap       ] GC(13) Old regions: 13->13
[2018-11-06T14:33:35.390+0530][gc,heap       ] GC(13) Humongous regions: 129->129
[2018-11-06T14:33:35.390+0530][gc,metaspace  ] GC(13) Metaspace: 41833K->41833K(1087488K)
[2018-11-06T14:33:35.390+0530][gc            ] GC(13) Pause Young (G1 Evacuation Pause) 219M->145M(1024M) 39.200ms
[2018-11-06T14:33:35.390+0530][gc,cpu        ] GC(13) User=0.06s Sys=0.00s Real=0.04s
[2018-11-06T14:44:50.695+0530][gc,start      ] GC(14) Pause Young (G1 Evacuation Pause)
[2018-11-06T14:44:50.695+0530][gc,task       ] GC(14) Using 4 workers of 4 for evacuation
[2018-11-06T14:44:50.702+0530][gc,phases     ] GC(14)   Pre Evacuate Collection Set: 0.0ms
[2018-11-06T14:44:50.702+0530][gc,phases     ] GC(14)   Evacuate Collection Set: 6.7ms
[2018-11-06T14:44:50.702+0530][gc,phases     ] GC(14)   Post Evacuate Collection Set: 0.3ms
[2018-11-06T14:44:50.702+0530][gc,phases     ] GC(14)   Other: 0.2ms
[2018-11-06T14:44:50.702+0530][gc,heap       ] GC(14) Eden regions: 82->0(82)
[2018-11-06T14:44:50.702+0530][gc,heap       ] GC(14) Survivor regions: 4->4(11)
[2018-11-06T14:44:50.702+0530][gc,heap       ] GC(14) Old regions: 13->13
[2018-11-06T14:44:50.702+0530][gc,heap       ] GC(14) Humongous regions: 129->129
[2018-11-06T14:44:50.702+0530][gc,metaspace  ] GC(14) Metaspace: 42270K->42270K(1087488K)
[2018-11-06T14:44:50.702+0530][gc            ] GC(14) Pause Young (G1 Evacuation Pause) 227M->145M(1024M) 7.299ms
[2018-11-06T14:44:50.702+0530][gc,cpu        ] GC(14) User=0.02s Sys=0.02s Real=0.00s
[2018-11-06T14:44:53.619+0530][gc,heap,exit  ] Heap
[2018-11-06T14:44:53.619+0530][gc,heap,exit  ]  garbage-first heap   total 1048576K, used 152964K [0x00000000c0000000, 0x0000000100000000)
[2018-11-06T14:44:53.619+0530][gc,heap,exit  ]   region size 1024K, 9 young (9216K), 4 survivors (4096K)
[2018-11-06T14:44:53.619+0530][gc,heap,exit  ]  Metaspace       used 42515K, capacity 43987K, committed 44160K, reserved 1087488K
[2018-11-06T14:44:53.619+0530][gc,heap,exit  ]   class space    used 5100K, capacity 5493K, committed 5504K, reserved 1048576K
