[2018-11-05T09:25:15.240+0530][gc,heap] Heap region size: 1M
[2018-11-05T09:25:15.247+0530][gc     ] Using G1
[2018-11-05T09:25:15.247+0530][gc,heap,coops] Heap address: 0x00000000c0000000, size: 1024 MB, Compressed Oops mode: 32-bit
[2018-11-05T09:25:16.465+0530][gc,start     ] GC(0) Pause Initial Mark (Metadata GC Threshold)
[2018-11-05T09:25:16.465+0530][gc,task      ] GC(0) Using 4 workers of 4 for evacuation
[2018-11-05T09:25:16.475+0530][gc,phases    ] GC(0)   Pre Evacuate Collection Set: 0.1ms
[2018-11-05T09:25:16.475+0530][gc,phases    ] GC(0)   Evacuate Collection Set: 9.5ms
[2018-11-05T09:25:16.475+0530][gc,phases    ] GC(0)   Post Evacuate Collection Set: 0.3ms
[2018-11-05T09:25:16.475+0530][gc,phases    ] GC(0)   Other: 0.4ms
[2018-11-05T09:25:16.475+0530][gc,heap      ] GC(0) Eden regions: 39->0(44)
[2018-11-05T09:25:16.475+0530][gc,heap      ] GC(0) Survivor regions: 0->7(7)
[2018-11-05T09:25:16.476+0530][gc,heap      ] GC(0) Old regions: 0->0
[2018-11-05T09:25:16.476+0530][gc,heap      ] GC(0) Humongous regions: 0->0
[2018-11-05T09:25:16.476+0530][gc,metaspace ] GC(0) Metaspace: 20631K->20631K(1069056K)
[2018-11-05T09:25:16.476+0530][gc           ] GC(0) Pause Initial Mark (Metadata GC Threshold) 38M->6M(1024M) 10.254ms
[2018-11-05T09:25:16.476+0530][gc,cpu       ] GC(0) User=0.03s Sys=0.00s Real=0.02s
[2018-11-05T09:25:16.476+0530][gc           ] GC(1) Concurrent Cycle
[2018-11-05T09:25:16.476+0530][gc,marking   ] GC(1) Concurrent Clear Claimed Marks
[2018-11-05T09:25:16.476+0530][gc,marking   ] GC(1) Concurrent Clear Claimed Marks 0.044ms
[2018-11-05T09:25:16.476+0530][gc,marking   ] GC(1) Concurrent Scan Root Regions
[2018-11-05T09:25:16.482+0530][gc,marking   ] GC(1) Concurrent Scan Root Regions 6.824ms
[2018-11-05T09:25:16.483+0530][gc,marking   ] GC(1) Concurrent Mark (1.313s)
[2018-11-05T09:25:16.483+0530][gc,marking   ] GC(1) Concurrent Mark From Roots
[2018-11-05T09:25:16.483+0530][gc,task      ] GC(1) Using 1 workers of 1 for marking
[2018-11-05T09:25:16.483+0530][gc,marking   ] GC(1) Concurrent Mark From Roots 0.359ms
[2018-11-05T09:25:16.483+0530][gc,marking   ] GC(1) Concurrent Mark (1.313s, 1.313s) 0.386ms
[2018-11-05T09:25:16.483+0530][gc,start     ] GC(1) Pause Remark
[2018-11-05T09:25:16.486+0530][gc,stringtable] GC(1) Cleaned string and symbol table, strings: 8302 processed, 0 removed, symbols: 64902 processed, 42 removed
[2018-11-05T09:25:16.487+0530][gc            ] GC(1) Pause Remark 7M->7M(1024M) 3.536ms
[2018-11-05T09:25:16.487+0530][gc,cpu        ] GC(1) User=0.01s Sys=0.00s Real=0.01s
[2018-11-05T09:25:16.487+0530][gc,marking    ] GC(1) Concurrent Create Live Data
[2018-11-05T09:25:16.487+0530][gc,marking    ] GC(1) Concurrent Create Live Data 0.090ms
[2018-11-05T09:25:16.487+0530][gc,start      ] GC(1) Pause Cleanup
[2018-11-05T09:25:16.488+0530][gc            ] GC(1) Pause Cleanup 7M->7M(1024M) 1.252ms
[2018-11-05T09:25:16.488+0530][gc,cpu        ] GC(1) User=0.00s Sys=0.00s Real=0.00s
[2018-11-05T09:25:16.488+0530][gc,marking    ] GC(1) Concurrent Cleanup for Next Mark
[2018-11-05T09:25:16.492+0530][gc,marking    ] GC(1) Concurrent Cleanup for Next Mark 4.082ms
[2018-11-05T09:25:16.492+0530][gc            ] GC(1) Concurrent Cycle 16.562ms
[2018-11-05T09:25:18.059+0530][gc,start      ] GC(2) Pause Young (G1 Evacuation Pause)
[2018-11-05T09:25:18.059+0530][gc,task       ] GC(2) Using 4 workers of 4 for evacuation
[2018-11-05T09:25:18.072+0530][gc,phases     ] GC(2)   Pre Evacuate Collection Set: 0.0ms
[2018-11-05T09:25:18.072+0530][gc,phases     ] GC(2)   Evacuate Collection Set: 11.5ms
[2018-11-05T09:25:18.072+0530][gc,phases     ] GC(2)   Post Evacuate Collection Set: 0.4ms
[2018-11-05T09:25:18.072+0530][gc,phases     ] GC(2)   Other: 0.3ms
[2018-11-05T09:25:18.072+0530][gc,heap       ] GC(2) Eden regions: 44->0(48)
[2018-11-05T09:25:18.072+0530][gc,heap       ] GC(2) Survivor regions: 7->3(7)
[2018-11-05T09:25:18.072+0530][gc,heap       ] GC(2) Old regions: 0->7
[2018-11-05T09:25:18.072+0530][gc,heap       ] GC(2) Humongous regions: 129->129
[2018-11-05T09:25:18.072+0530][gc,metaspace  ] GC(2) Metaspace: 30054K->30054K(1077248K)
[2018-11-05T09:25:18.072+0530][gc            ] GC(2) Pause Young (G1 Evacuation Pause) 179M->137M(1024M) 12.392ms
[2018-11-05T09:25:18.072+0530][gc,cpu        ] GC(2) User=0.04s Sys=0.00s Real=0.01s
[2018-11-05T09:25:18.548+0530][gc,start      ] GC(3) Pause Initial Mark (Metadata GC Threshold)
[2018-11-05T09:25:18.548+0530][gc,task       ] GC(3) Using 4 workers of 4 for evacuation
[2018-11-05T09:25:18.555+0530][gc,phases     ] GC(3)   Pre Evacuate Collection Set: 0.1ms
[2018-11-05T09:25:18.555+0530][gc,phases     ] GC(3)   Evacuate Collection Set: 5.8ms
[2018-11-05T09:25:18.555+0530][gc,phases     ] GC(3)   Post Evacuate Collection Set: 0.2ms
[2018-11-05T09:25:18.555+0530][gc,phases     ] GC(3)   Other: 0.3ms
[2018-11-05T09:25:18.555+0530][gc,heap       ] GC(3) Eden regions: 26->0(46)
[2018-11-05T09:25:18.555+0530][gc,heap       ] GC(3) Survivor regions: 3->5(7)
[2018-11-05T09:25:18.555+0530][gc,heap       ] GC(3) Old regions: 7->7
[2018-11-05T09:25:18.555+0530][gc,heap       ] GC(3) Humongous regions: 129->129
[2018-11-05T09:25:18.555+0530][gc,metaspace  ] GC(3) Metaspace: 34800K->34800K(1081344K)
[2018-11-05T09:25:18.555+0530][gc            ] GC(3) Pause Initial Mark (Metadata GC Threshold) 163M->139M(1024M) 6.404ms
[2018-11-05T09:25:18.555+0530][gc,cpu        ] GC(3) User=0.02s Sys=0.01s Real=0.01s
[2018-11-05T09:25:18.555+0530][gc            ] GC(4) Concurrent Cycle
[2018-11-05T09:25:18.555+0530][gc,marking    ] GC(4) Concurrent Clear Claimed Marks
[2018-11-05T09:25:18.555+0530][gc,marking    ] GC(4) Concurrent Clear Claimed Marks 0.081ms
[2018-11-05T09:25:18.555+0530][gc,marking    ] GC(4) Concurrent Scan Root Regions
[2018-11-05T09:25:18.558+0530][gc,marking    ] GC(4) Concurrent Scan Root Regions 2.943ms
[2018-11-05T09:25:18.558+0530][gc,marking    ] GC(4) Concurrent Mark (3.388s)
[2018-11-05T09:25:18.558+0530][gc,marking    ] GC(4) Concurrent Mark From Roots
[2018-11-05T09:25:18.558+0530][gc,task       ] GC(4) Using 1 workers of 1 for marking
[2018-11-05T09:25:18.574+0530][gc,marking    ] GC(4) Concurrent Mark From Roots 16.495ms
[2018-11-05T09:25:18.574+0530][gc,marking    ] GC(4) Concurrent Mark (3.388s, 3.405s) 16.558ms
[2018-11-05T09:25:18.575+0530][gc,start      ] GC(4) Pause Remark
[2018-11-05T09:25:18.580+0530][gc,stringtable] GC(4) Cleaned string and symbol table, strings: 12355 processed, 7 removed, symbols: 100432 processed, 23 removed
[2018-11-05T09:25:18.580+0530][gc            ] GC(4) Pause Remark 140M->140M(1024M) 5.750ms
[2018-11-05T09:25:18.581+0530][gc,cpu        ] GC(4) User=0.02s Sys=0.00s Real=0.00s
[2018-11-05T09:25:18.581+0530][gc,marking    ] GC(4) Concurrent Create Live Data
[2018-11-05T09:25:18.584+0530][gc,marking    ] GC(4) Concurrent Create Live Data 2.977ms
[2018-11-05T09:25:18.585+0530][gc,start      ] GC(4) Pause Cleanup
[2018-11-05T09:25:18.586+0530][gc            ] GC(4) Pause Cleanup 140M->140M(1024M) 0.800ms
[2018-11-05T09:25:18.586+0530][gc,cpu        ] GC(4) User=0.00s Sys=0.00s Real=0.00s
[2018-11-05T09:25:18.586+0530][gc,marking    ] GC(4) Concurrent Cleanup for Next Mark
[2018-11-05T09:25:18.589+0530][gc,marking    ] GC(4) Concurrent Cleanup for Next Mark 2.596ms
[2018-11-05T09:25:18.589+0530][gc            ] GC(4) Concurrent Cycle 33.858ms
[2018-11-05T09:35:08.260+0530][gc,start      ] GC(5) Pause Young (G1 Evacuation Pause)
[2018-11-05T09:35:08.260+0530][gc,task       ] GC(5) Using 4 workers of 4 for evacuation
[2018-11-05T09:35:08.271+0530][gc,phases     ] GC(5)   Pre Evacuate Collection Set: 0.0ms
[2018-11-05T09:35:08.271+0530][gc,phases     ] GC(5)   Evacuate Collection Set: 10.3ms
[2018-11-05T09:35:08.271+0530][gc,phases     ] GC(5)   Post Evacuate Collection Set: 0.5ms
[2018-11-05T09:35:08.271+0530][gc,phases     ] GC(5)   Other: 0.5ms
[2018-11-05T09:35:08.271+0530][gc,heap       ] GC(5) Eden regions: 46->0(47)
[2018-11-05T09:35:08.271+0530][gc,heap       ] GC(5) Survivor regions: 5->4(7)
[2018-11-05T09:35:08.271+0530][gc,heap       ] GC(5) Old regions: 7->8
[2018-11-05T09:35:08.271+0530][gc,heap       ] GC(5) Humongous regions: 129->0
[2018-11-05T09:35:08.271+0530][gc,metaspace  ] GC(5) Metaspace: 38680K->38680K(1085440K)
[2018-11-05T09:35:08.271+0530][gc            ] GC(5) Pause Young (G1 Evacuation Pause) 185M->11M(1024M) 11.485ms
[2018-11-05T09:35:08.271+0530][gc,cpu        ] GC(5) User=0.04s Sys=0.00s Real=0.01s
[2018-11-05T09:35:09.107+0530][gc,start      ] GC(6) Pause Young (G1 Evacuation Pause)
[2018-11-05T09:35:09.107+0530][gc,task       ] GC(6) Using 4 workers of 4 for evacuation
[2018-11-05T09:35:09.112+0530][gc,phases     ] GC(6)   Pre Evacuate Collection Set: 0.0ms
[2018-11-05T09:35:09.112+0530][gc,phases     ] GC(6)   Evacuate Collection Set: 5.0ms
[2018-11-05T09:35:09.112+0530][gc,phases     ] GC(6)   Post Evacuate Collection Set: 0.4ms
[2018-11-05T09:35:09.112+0530][gc,phases     ] GC(6)   Other: 0.2ms
[2018-11-05T09:35:09.112+0530][gc,heap       ] GC(6) Eden regions: 47->0(47)
[2018-11-05T09:35:09.112+0530][gc,heap       ] GC(6) Survivor regions: 4->4(7)
[2018-11-05T09:35:09.112+0530][gc,heap       ] GC(6) Old regions: 8->8
[2018-11-05T09:35:09.112+0530][gc,heap       ] GC(6) Humongous regions: 0->0
[2018-11-05T09:35:09.112+0530][gc,metaspace  ] GC(6) Metaspace: 38684K->38684K(1085440K)
[2018-11-05T09:35:09.112+0530][gc            ] GC(6) Pause Young (G1 Evacuation Pause) 58M->10M(1024M) 5.641ms
[2018-11-05T09:35:09.112+0530][gc,cpu        ] GC(6) User=0.02s Sys=0.00s Real=0.00s
[2018-11-05T09:35:09.872+0530][gc,start      ] GC(7) Pause Young (G1 Evacuation Pause)
[2018-11-05T09:35:09.872+0530][gc,task       ] GC(7) Using 4 workers of 4 for evacuation
[2018-11-05T09:35:09.877+0530][gc,phases     ] GC(7)   Pre Evacuate Collection Set: 0.0ms
[2018-11-05T09:35:09.877+0530][gc,phases     ] GC(7)   Evacuate Collection Set: 4.7ms
[2018-11-05T09:35:09.877+0530][gc,phases     ] GC(7)   Post Evacuate Collection Set: 0.4ms
[2018-11-05T09:35:09.877+0530][gc,phases     ] GC(7)   Other: 0.2ms
[2018-11-05T09:35:09.877+0530][gc,heap       ] GC(7) Eden regions: 47->0(47)
[2018-11-05T09:35:09.877+0530][gc,heap       ] GC(7) Survivor regions: 4->4(7)
[2018-11-05T09:35:09.877+0530][gc,heap       ] GC(7) Old regions: 8->8
[2018-11-05T09:35:09.877+0530][gc,heap       ] GC(7) Humongous regions: 0->0
[2018-11-05T09:35:09.877+0530][gc,metaspace  ] GC(7) Metaspace: 38684K->38684K(1085440K)
[2018-11-05T09:35:09.877+0530][gc            ] GC(7) Pause Young (G1 Evacuation Pause) 57M->10M(1024M) 5.357ms
[2018-11-05T09:35:09.877+0530][gc,cpu        ] GC(7) User=0.01s Sys=0.00s Real=0.01s
[2018-11-05T09:35:10.640+0530][gc,start      ] GC(8) Pause Young (G1 Evacuation Pause)
[2018-11-05T09:35:10.640+0530][gc,task       ] GC(8) Using 4 workers of 4 for evacuation
[2018-11-05T09:35:10.645+0530][gc,phases     ] GC(8)   Pre Evacuate Collection Set: 0.0ms
[2018-11-05T09:35:10.645+0530][gc,phases     ] GC(8)   Evacuate Collection Set: 4.3ms
[2018-11-05T09:35:10.645+0530][gc,phases     ] GC(8)   Post Evacuate Collection Set: 0.4ms
[2018-11-05T09:35:10.645+0530][gc,phases     ] GC(8)   Other: 0.2ms
[2018-11-05T09:35:10.645+0530][gc,heap       ] GC(8) Eden regions: 47->0(47)
[2018-11-05T09:35:10.645+0530][gc,heap       ] GC(8) Survivor regions: 4->4(7)
[2018-11-05T09:35:10.645+0530][gc,heap       ] GC(8) Old regions: 8->8
[2018-11-05T09:35:10.645+0530][gc,heap       ] GC(8) Humongous regions: 0->0
[2018-11-05T09:35:10.645+0530][gc,metaspace  ] GC(8) Metaspace: 38684K->38684K(1085440K)
[2018-11-05T09:35:10.645+0530][gc            ] GC(8) Pause Young (G1 Evacuation Pause) 57M->10M(1024M) 5.039ms
[2018-11-05T09:35:10.645+0530][gc,cpu        ] GC(8) User=0.02s Sys=0.00s Real=0.00s
[2018-11-05T09:35:11.401+0530][gc,start      ] GC(9) Pause Young (G1 Evacuation Pause)
[2018-11-05T09:35:11.401+0530][gc,task       ] GC(9) Using 4 workers of 4 for evacuation
[2018-11-05T09:35:11.406+0530][gc,phases     ] GC(9)   Pre Evacuate Collection Set: 0.0ms
[2018-11-05T09:35:11.406+0530][gc,phases     ] GC(9)   Evacuate Collection Set: 4.3ms
[2018-11-05T09:35:11.406+0530][gc,phases     ] GC(9)   Post Evacuate Collection Set: 0.3ms
[2018-11-05T09:35:11.406+0530][gc,phases     ] GC(9)   Other: 0.2ms
[2018-11-05T09:35:11.406+0530][gc,heap       ] GC(9) Eden regions: 47->0(47)
[2018-11-05T09:35:11.406+0530][gc,heap       ] GC(9) Survivor regions: 4->4(7)
[2018-11-05T09:35:11.406+0530][gc,heap       ] GC(9) Old regions: 8->8
[2018-11-05T09:35:11.406+0530][gc,heap       ] GC(9) Humongous regions: 0->0
[2018-11-05T09:35:11.406+0530][gc,metaspace  ] GC(9) Metaspace: 38684K->38684K(1085440K)
[2018-11-05T09:35:11.406+0530][gc            ] GC(9) Pause Young (G1 Evacuation Pause) 57M->10M(1024M) 4.902ms
[2018-11-05T09:35:11.406+0530][gc,cpu        ] GC(9) User=0.02s Sys=0.00s Real=0.00s
[2018-11-05T09:35:12.171+0530][gc,start      ] GC(10) Pause Young (G1 Evacuation Pause)
[2018-11-05T09:35:12.171+0530][gc,task       ] GC(10) Using 4 workers of 4 for evacuation
[2018-11-05T09:35:12.176+0530][gc,phases     ] GC(10)   Pre Evacuate Collection Set: 0.0ms
[2018-11-05T09:35:12.176+0530][gc,phases     ] GC(10)   Evacuate Collection Set: 4.3ms
[2018-11-05T09:35:12.176+0530][gc,phases     ] GC(10)   Post Evacuate Collection Set: 0.4ms
[2018-11-05T09:35:12.176+0530][gc,phases     ] GC(10)   Other: 0.2ms
[2018-11-05T09:35:12.176+0530][gc,heap       ] GC(10) Eden regions: 47->0(83)
[2018-11-05T09:35:12.176+0530][gc,heap       ] GC(10) Survivor regions: 4->4(7)
[2018-11-05T09:35:12.176+0530][gc,heap       ] GC(10) Old regions: 8->8
[2018-11-05T09:35:12.176+0530][gc,heap       ] GC(10) Humongous regions: 0->0
[2018-11-05T09:35:12.176+0530][gc,metaspace  ] GC(10) Metaspace: 38684K->38684K(1085440K)
[2018-11-05T09:35:12.176+0530][gc            ] GC(10) Pause Young (G1 Evacuation Pause) 57M->10M(1024M) 5.008ms
[2018-11-05T09:35:12.176+0530][gc,cpu        ] GC(10) User=0.02s Sys=0.00s Real=0.01s
[2018-11-05T09:35:13.525+0530][gc,start      ] GC(11) Pause Young (G1 Evacuation Pause)
[2018-11-05T09:35:13.525+0530][gc,task       ] GC(11) Using 4 workers of 4 for evacuation
[2018-11-05T09:35:13.530+0530][gc,phases     ] GC(11)   Pre Evacuate Collection Set: 0.0ms
[2018-11-05T09:35:13.530+0530][gc,phases     ] GC(11)   Evacuate Collection Set: 4.5ms
[2018-11-05T09:35:13.530+0530][gc,phases     ] GC(11)   Post Evacuate Collection Set: 0.4ms
[2018-11-05T09:35:13.530+0530][gc,phases     ] GC(11)   Other: 0.2ms
[2018-11-05T09:35:13.530+0530][gc,heap       ] GC(11) Eden regions: 83->0(196)
[2018-11-05T09:35:13.530+0530][gc,heap       ] GC(11) Survivor regions: 4->4(11)
[2018-11-05T09:35:13.530+0530][gc,heap       ] GC(11) Old regions: 8->8
[2018-11-05T09:35:13.530+0530][gc,heap       ] GC(11) Humongous regions: 0->0
[2018-11-05T09:35:13.530+0530][gc,metaspace  ] GC(11) Metaspace: 38684K->38684K(1085440K)
[2018-11-05T09:35:13.530+0530][gc            ] GC(11) Pause Young (G1 Evacuation Pause) 93M->10M(1024M) 5.165ms
[2018-11-05T09:35:13.530+0530][gc,cpu        ] GC(11) User=0.02s Sys=0.00s Real=0.01s
[2018-11-05T09:35:16.730+0530][gc,start      ] GC(12) Pause Young (G1 Evacuation Pause)
[2018-11-05T09:35:16.730+0530][gc,task       ] GC(12) Using 4 workers of 4 for evacuation
[2018-11-05T09:35:16.735+0530][gc,phases     ] GC(12)   Pre Evacuate Collection Set: 0.0ms
[2018-11-05T09:35:16.735+0530][gc,phases     ] GC(12)   Evacuate Collection Set: 4.7ms
[2018-11-05T09:35:16.735+0530][gc,phases     ] GC(12)   Post Evacuate Collection Set: 0.3ms
[2018-11-05T09:35:16.735+0530][gc,phases     ] GC(12)   Other: 0.2ms
[2018-11-05T09:35:16.735+0530][gc,heap       ] GC(12) Eden regions: 196->0(332)
[2018-11-05T09:35:16.735+0530][gc,heap       ] GC(12) Survivor regions: 4->3(25)
[2018-11-05T09:35:16.735+0530][gc,heap       ] GC(12) Old regions: 8->8
[2018-11-05T09:35:16.735+0530][gc,heap       ] GC(12) Humongous regions: 0->0
[2018-11-05T09:35:16.735+0530][gc,metaspace  ] GC(12) Metaspace: 38684K->38684K(1085440K)
[2018-11-05T09:35:16.735+0530][gc            ] GC(12) Pause Young (G1 Evacuation Pause) 206M->10M(1024M) 5.412ms
[2018-11-05T09:35:16.735+0530][gc,cpu        ] GC(12) User=0.02s Sys=0.00s Real=0.01s
[2018-11-05T09:35:23.087+0530][gc,heap,exit  ] Heap
[2018-11-05T09:35:23.087+0530][gc,heap,exit  ]  garbage-first heap   total 1048576K, used 286319K [0x00000000c0000000, 0x0000000100000000)
[2018-11-05T09:35:23.087+0530][gc,heap,exit  ]   region size 1024K, 273 young (279552K), 3 survivors (3072K)
[2018-11-05T09:35:23.087+0530][gc,heap,exit  ]  Metaspace       used 38789K, capacity 39829K, committed 40320K, reserved 1085440K
[2018-11-05T09:35:23.087+0530][gc,heap,exit  ]   class space    used 4597K, capacity 4880K, committed 4992K, reserved 1048576K
