[2018-11-05T00:48:36.013+0530][gc,heap] Heap region size: 1M
[2018-11-05T00:48:36.020+0530][gc     ] Using G1
[2018-11-05T00:48:36.020+0530][gc,heap,coops] Heap address: 0x00000000c0000000, size: 1024 MB, Compressed Oops mode: 32-bit
[2018-11-05T00:48:37.246+0530][gc,start     ] GC(0) Pause Initial Mark (Metadata GC Threshold)
[2018-11-05T00:48:37.246+0530][gc,task      ] GC(0) Using 4 workers of 4 for evacuation
[2018-11-05T00:48:37.256+0530][gc,phases    ] GC(0)   Pre Evacuate Collection Set: 0.0ms
[2018-11-05T00:48:37.256+0530][gc,phases    ] GC(0)   Evacuate Collection Set: 9.8ms
[2018-11-05T00:48:37.256+0530][gc,phases    ] GC(0)   Post Evacuate Collection Set: 0.3ms
[2018-11-05T00:48:37.256+0530][gc,phases    ] GC(0)   Other: 0.3ms
[2018-11-05T00:48:37.256+0530][gc,heap      ] GC(0) Eden regions: 38->0(44)
[2018-11-05T00:48:37.256+0530][gc,heap      ] GC(0) Survivor regions: 0->7(7)
[2018-11-05T00:48:37.256+0530][gc,heap      ] GC(0) Old regions: 0->0
[2018-11-05T00:48:37.256+0530][gc,heap      ] GC(0) Humongous regions: 0->0
[2018-11-05T00:48:37.256+0530][gc,metaspace ] GC(0) Metaspace: 20638K->20638K(1069056K)
[2018-11-05T00:48:37.256+0530][gc           ] GC(0) Pause Initial Mark (Metadata GC Threshold) 38M->6M(1024M) 10.511ms
[2018-11-05T00:48:37.256+0530][gc,cpu       ] GC(0) User=0.03s Sys=0.00s Real=0.01s
[2018-11-05T00:48:37.256+0530][gc           ] GC(1) Concurrent Cycle
[2018-11-05T00:48:37.256+0530][gc,marking   ] GC(1) Concurrent Clear Claimed Marks
[2018-11-05T00:48:37.256+0530][gc,marking   ] GC(1) Concurrent Clear Claimed Marks 0.022ms
[2018-11-05T00:48:37.257+0530][gc,marking   ] GC(1) Concurrent Scan Root Regions
[2018-11-05T00:48:37.260+0530][gc,marking   ] GC(1) Concurrent Scan Root Regions 3.384ms
[2018-11-05T00:48:37.260+0530][gc,marking   ] GC(1) Concurrent Mark (1.276s)
[2018-11-05T00:48:37.260+0530][gc,marking   ] GC(1) Concurrent Mark From Roots
[2018-11-05T00:48:37.260+0530][gc,task      ] GC(1) Using 1 workers of 1 for marking
[2018-11-05T00:48:37.260+0530][gc,marking   ] GC(1) Concurrent Mark From Roots 0.330ms
[2018-11-05T00:48:37.260+0530][gc,marking   ] GC(1) Concurrent Mark (1.276s, 1.276s) 0.347ms
[2018-11-05T00:48:37.261+0530][gc,start     ] GC(1) Pause Remark
[2018-11-05T00:48:37.266+0530][gc,stringtable] GC(1) Cleaned string and symbol table, strings: 8235 processed, 0 removed, symbols: 64791 processed, 42 removed
[2018-11-05T00:48:37.266+0530][gc            ] GC(1) Pause Remark 6M->6M(1024M) 4.865ms
[2018-11-05T00:48:37.266+0530][gc,cpu        ] GC(1) User=0.02s Sys=0.00s Real=0.01s
[2018-11-05T00:48:37.266+0530][gc,marking    ] GC(1) Concurrent Create Live Data
[2018-11-05T00:48:37.267+0530][gc,marking    ] GC(1) Concurrent Create Live Data 0.437ms
[2018-11-05T00:48:37.267+0530][gc,start      ] GC(1) Pause Cleanup
[2018-11-05T00:48:37.268+0530][gc            ] GC(1) Pause Cleanup 6M->6M(1024M) 0.709ms
[2018-11-05T00:48:37.268+0530][gc,cpu        ] GC(1) User=0.00s Sys=0.00s Real=0.00s
[2018-11-05T00:48:37.268+0530][gc,marking    ] GC(1) Concurrent Cleanup for Next Mark
[2018-11-05T00:48:37.270+0530][gc,marking    ] GC(1) Concurrent Cleanup for Next Mark 2.545ms
[2018-11-05T00:48:37.270+0530][gc            ] GC(1) Concurrent Cycle 13.788ms
[2018-11-05T00:48:38.452+0530][gc,start      ] GC(2) Pause Young (G1 Evacuation Pause)
[2018-11-05T00:48:38.452+0530][gc,task       ] GC(2) Using 4 workers of 4 for evacuation
[2018-11-05T00:48:38.465+0530][gc,phases     ] GC(2)   Pre Evacuate Collection Set: 0.0ms
[2018-11-05T00:48:38.465+0530][gc,phases     ] GC(2)   Evacuate Collection Set: 11.5ms
[2018-11-05T00:48:38.465+0530][gc,phases     ] GC(2)   Post Evacuate Collection Set: 0.5ms
[2018-11-05T00:48:38.465+0530][gc,phases     ] GC(2)   Other: 0.3ms
[2018-11-05T00:48:38.465+0530][gc,heap       ] GC(2) Eden regions: 44->0(48)
[2018-11-05T00:48:38.465+0530][gc,heap       ] GC(2) Survivor regions: 7->3(7)
[2018-11-05T00:48:38.465+0530][gc,heap       ] GC(2) Old regions: 0->7
[2018-11-05T00:48:38.465+0530][gc,heap       ] GC(2) Humongous regions: 129->129
[2018-11-05T00:48:38.465+0530][gc,metaspace  ] GC(2) Metaspace: 30090K->30090K(1077248K)
[2018-11-05T00:48:38.465+0530][gc            ] GC(2) Pause Young (G1 Evacuation Pause) 179M->138M(1024M) 12.421ms
[2018-11-05T00:48:38.465+0530][gc,cpu        ] GC(2) User=0.03s Sys=0.00s Real=0.02s
[2018-11-05T00:48:38.998+0530][gc,start      ] GC(3) Pause Initial Mark (Metadata GC Threshold)
[2018-11-05T00:48:38.998+0530][gc,task       ] GC(3) Using 4 workers of 4 for evacuation
[2018-11-05T00:48:39.005+0530][gc,phases     ] GC(3)   Pre Evacuate Collection Set: 0.1ms
[2018-11-05T00:48:39.005+0530][gc,phases     ] GC(3)   Evacuate Collection Set: 6.3ms
[2018-11-05T00:48:39.005+0530][gc,phases     ] GC(3)   Post Evacuate Collection Set: 0.2ms
[2018-11-05T00:48:39.005+0530][gc,phases     ] GC(3)   Other: 0.3ms
[2018-11-05T00:48:39.005+0530][gc,heap       ] GC(3) Eden regions: 26->0(46)
[2018-11-05T00:48:39.005+0530][gc,heap       ] GC(3) Survivor regions: 3->5(7)
[2018-11-05T00:48:39.005+0530][gc,heap       ] GC(3) Old regions: 7->7
[2018-11-05T00:48:39.005+0530][gc,heap       ] GC(3) Humongous regions: 129->129
[2018-11-05T00:48:39.005+0530][gc,metaspace  ] GC(3) Metaspace: 34738K->34738K(1081344K)
[2018-11-05T00:48:39.005+0530][gc            ] GC(3) Pause Initial Mark (Metadata GC Threshold) 163M->139M(1024M) 6.984ms
[2018-11-05T00:48:39.005+0530][gc,cpu        ] GC(3) User=0.02s Sys=0.00s Real=0.01s
[2018-11-05T00:48:39.005+0530][gc            ] GC(4) Concurrent Cycle
[2018-11-05T00:48:39.005+0530][gc,marking    ] GC(4) Concurrent Clear Claimed Marks
[2018-11-05T00:48:39.005+0530][gc,marking    ] GC(4) Concurrent Clear Claimed Marks 0.087ms
[2018-11-05T00:48:39.005+0530][gc,marking    ] GC(4) Concurrent Scan Root Regions
[2018-11-05T00:48:39.009+0530][gc,marking    ] GC(4) Concurrent Scan Root Regions 3.804ms
[2018-11-05T00:48:39.009+0530][gc,marking    ] GC(4) Concurrent Mark (3.025s)
[2018-11-05T00:48:39.009+0530][gc,marking    ] GC(4) Concurrent Mark From Roots
[2018-11-05T00:48:39.009+0530][gc,task       ] GC(4) Using 1 workers of 1 for marking
[2018-11-05T00:48:39.036+0530][gc,marking    ] GC(4) Concurrent Mark From Roots 27.157ms
[2018-11-05T00:48:39.036+0530][gc,marking    ] GC(4) Concurrent Mark (3.025s, 3.052s) 27.215ms
[2018-11-05T00:48:39.036+0530][gc,start      ] GC(4) Pause Remark
[2018-11-05T00:48:39.042+0530][gc,stringtable] GC(4) Cleaned string and symbol table, strings: 12355 processed, 7 removed, symbols: 100466 processed, 29 removed
[2018-11-05T00:48:39.042+0530][gc            ] GC(4) Pause Remark 141M->141M(1024M) 5.461ms
[2018-11-05T00:48:39.042+0530][gc,cpu        ] GC(4) User=0.02s Sys=0.00s Real=0.00s
[2018-11-05T00:48:39.042+0530][gc,marking    ] GC(4) Concurrent Create Live Data
[2018-11-05T00:48:39.044+0530][gc,marking    ] GC(4) Concurrent Create Live Data 2.641ms
[2018-11-05T00:48:39.045+0530][gc,start      ] GC(4) Pause Cleanup
[2018-11-05T00:48:39.045+0530][gc            ] GC(4) Pause Cleanup 141M->141M(1024M) 0.771ms
[2018-11-05T00:48:39.045+0530][gc,cpu        ] GC(4) User=0.00s Sys=0.00s Real=0.00s
[2018-11-05T00:48:39.045+0530][gc,marking    ] GC(4) Concurrent Cleanup for Next Mark
[2018-11-05T00:48:39.051+0530][gc,marking    ] GC(4) Concurrent Cleanup for Next Mark 5.923ms
[2018-11-05T00:48:39.051+0530][gc            ] GC(4) Concurrent Cycle 46.667ms
[2018-11-05T00:50:24.519+0530][gc,start      ] GC(5) Pause Young (G1 Evacuation Pause)
[2018-11-05T00:50:24.519+0530][gc,task       ] GC(5) Using 4 workers of 4 for evacuation
[2018-11-05T00:50:24.530+0530][gc,phases     ] GC(5)   Pre Evacuate Collection Set: 0.0ms
[2018-11-05T00:50:24.530+0530][gc,phases     ] GC(5)   Evacuate Collection Set: 10.2ms
[2018-11-05T00:50:24.530+0530][gc,phases     ] GC(5)   Post Evacuate Collection Set: 0.4ms
[2018-11-05T00:50:24.530+0530][gc,phases     ] GC(5)   Other: 0.5ms
[2018-11-05T00:50:24.530+0530][gc,heap       ] GC(5) Eden regions: 46->0(46)
[2018-11-05T00:50:24.530+0530][gc,heap       ] GC(5) Survivor regions: 5->5(7)
[2018-11-05T00:50:24.530+0530][gc,heap       ] GC(5) Old regions: 7->9
[2018-11-05T00:50:24.530+0530][gc,heap       ] GC(5) Humongous regions: 183->129
[2018-11-05T00:50:24.530+0530][gc,metaspace  ] GC(5) Metaspace: 40462K->40462K(1085440K)
[2018-11-05T00:50:24.530+0530][gc            ] GC(5) Pause Young (G1 Evacuation Pause) 239M->141M(1024M) 11.261ms
[2018-11-05T00:50:24.530+0530][gc,cpu        ] GC(5) User=0.04s Sys=0.00s Real=0.01s
[2018-11-05T00:57:16.437+0530][gc,start      ] GC(6) Pause Young (G1 Evacuation Pause)
[2018-11-05T00:57:16.437+0530][gc,task       ] GC(6) Using 4 workers of 4 for evacuation
[2018-11-05T00:57:16.449+0530][gc,phases     ] GC(6)   Pre Evacuate Collection Set: 0.0ms
[2018-11-05T00:57:16.449+0530][gc,phases     ] GC(6)   Evacuate Collection Set: 11.3ms
[2018-11-05T00:57:16.449+0530][gc,phases     ] GC(6)   Post Evacuate Collection Set: 0.3ms
[2018-11-05T00:57:16.449+0530][gc,phases     ] GC(6)   Other: 0.4ms
[2018-11-05T00:57:16.449+0530][gc,heap       ] GC(6) Eden regions: 46->0(47)
[2018-11-05T00:57:16.449+0530][gc,heap       ] GC(6) Survivor regions: 5->4(7)
[2018-11-05T00:57:16.449+0530][gc,heap       ] GC(6) Old regions: 9->11
[2018-11-05T00:57:16.449+0530][gc,heap       ] GC(6) Humongous regions: 129->129
[2018-11-05T00:57:16.449+0530][gc,metaspace  ] GC(6) Metaspace: 41338K->41338K(1087488K)
[2018-11-05T00:57:16.449+0530][gc            ] GC(6) Pause Young (G1 Evacuation Pause) 187M->143M(1024M) 12.062ms
[2018-11-05T00:57:16.449+0530][gc,cpu        ] GC(6) User=0.04s Sys=0.00s Real=0.01s
[2018-11-05T01:04:29.509+0530][gc,start      ] GC(7) Pause Young (G1 Evacuation Pause)
[2018-11-05T01:04:29.509+0530][gc,task       ] GC(7) Using 4 workers of 4 for evacuation
[2018-11-05T01:04:29.517+0530][gc,phases     ] GC(7)   Pre Evacuate Collection Set: 0.0ms
[2018-11-05T01:04:29.517+0530][gc,phases     ] GC(7)   Evacuate Collection Set: 6.9ms
[2018-11-05T01:04:29.517+0530][gc,phases     ] GC(7)   Post Evacuate Collection Set: 0.4ms
[2018-11-05T01:04:29.517+0530][gc,phases     ] GC(7)   Other: 0.3ms
[2018-11-05T01:04:29.517+0530][gc,heap       ] GC(7) Eden regions: 47->0(47)
[2018-11-05T01:04:29.517+0530][gc,heap       ] GC(7) Survivor regions: 4->4(7)
[2018-11-05T01:04:29.517+0530][gc,heap       ] GC(7) Old regions: 11->11
[2018-11-05T01:04:29.517+0530][gc,heap       ] GC(7) Humongous regions: 129->129
[2018-11-05T01:04:29.517+0530][gc,metaspace  ] GC(7) Metaspace: 41577K->41577K(1087488K)
[2018-11-05T01:04:29.517+0530][gc            ] GC(7) Pause Young (G1 Evacuation Pause) 190M->143M(1024M) 7.725ms
[2018-11-05T01:04:29.517+0530][gc,cpu        ] GC(7) User=0.03s Sys=0.00s Real=0.01s
[2018-11-05T01:12:54.509+0530][gc,start      ] GC(8) Pause Young (G1 Evacuation Pause)
[2018-11-05T01:12:54.515+0530][gc,task       ] GC(8) Using 4 workers of 4 for evacuation
[2018-11-05T01:12:54.523+0530][gc,phases     ] GC(8)   Pre Evacuate Collection Set: 0.0ms
[2018-11-05T01:12:54.523+0530][gc,phases     ] GC(8)   Evacuate Collection Set: 7.1ms
[2018-11-05T01:12:54.523+0530][gc,phases     ] GC(8)   Post Evacuate Collection Set: 0.4ms
[2018-11-05T01:12:54.523+0530][gc,phases     ] GC(8)   Other: 6.9ms
[2018-11-05T01:12:54.523+0530][gc,heap       ] GC(8) Eden regions: 47->0(48)
[2018-11-05T01:12:54.523+0530][gc,heap       ] GC(8) Survivor regions: 4->3(7)
[2018-11-05T01:12:54.523+0530][gc,heap       ] GC(8) Old regions: 11->13
[2018-11-05T01:12:54.523+0530][gc,heap       ] GC(8) Humongous regions: 129->129
[2018-11-05T01:12:54.523+0530][gc,metaspace  ] GC(8) Metaspace: 41806K->41806K(1087488K)
[2018-11-05T01:12:54.523+0530][gc            ] GC(8) Pause Young (G1 Evacuation Pause) 190M->143M(1024M) 14.377ms
[2018-11-05T01:12:54.523+0530][gc,cpu        ] GC(8) User=0.03s Sys=0.00s Real=0.02s
[2018-11-05T01:21:51.766+0530][gc,start      ] GC(9) Pause Young (G1 Evacuation Pause)
[2018-11-05T01:21:51.766+0530][gc,task       ] GC(9) Using 4 workers of 4 for evacuation
[2018-11-05T01:21:51.777+0530][gc,phases     ] GC(9)   Pre Evacuate Collection Set: 0.0ms
[2018-11-05T01:21:51.777+0530][gc,phases     ] GC(9)   Evacuate Collection Set: 9.8ms
[2018-11-05T01:21:51.777+0530][gc,phases     ] GC(9)   Post Evacuate Collection Set: 0.3ms
[2018-11-05T01:21:51.777+0530][gc,phases     ] GC(9)   Other: 0.4ms
[2018-11-05T01:21:51.777+0530][gc,heap       ] GC(9) Eden regions: 48->0(47)
[2018-11-05T01:21:51.777+0530][gc,heap       ] GC(9) Survivor regions: 3->4(7)
[2018-11-05T01:21:51.777+0530][gc,heap       ] GC(9) Old regions: 13->13
[2018-11-05T01:21:51.777+0530][gc,heap       ] GC(9) Humongous regions: 129->129
[2018-11-05T01:21:51.777+0530][gc,metaspace  ] GC(9) Metaspace: 41861K->41861K(1087488K)
[2018-11-05T01:21:51.777+0530][gc            ] GC(9) Pause Young (G1 Evacuation Pause) 191M->144M(1024M) 10.613ms
[2018-11-05T01:21:51.777+0530][gc,cpu        ] GC(9) User=0.04s Sys=0.00s Real=0.01s
[2018-11-05T09:21:04.347+0530][gc,heap,exit  ] Heap
[2018-11-05T09:21:04.369+0530][gc,heap,exit  ]  garbage-first heap   total 1048576K, used 184685K [0x00000000c0000000, 0x0000000100000000)
[2018-11-05T09:21:04.369+0530][gc,heap,exit  ]   region size 1024K, 41 young (41984K), 4 survivors (4096K)
[2018-11-05T09:21:04.369+0530][gc,heap,exit  ]  Metaspace       used 42540K, capacity 44025K, committed 44288K, reserved 1087488K
[2018-11-05T09:21:04.369+0530][gc,heap,exit  ]   class space    used 5123K, capacity 5533K, committed 5632K, reserved 1048576K
