[2018-11-05T09:39:58.605+0530][gc,heap] Heap region size: 1M
[2018-11-05T09:39:58.613+0530][gc     ] Using G1
[2018-11-05T09:39:58.613+0530][gc,heap,coops] Heap address: 0x00000000c0000000, size: 1024 MB, Compressed Oops mode: 32-bit
[2018-11-05T09:39:59.810+0530][gc,start     ] GC(0) Pause Initial Mark (Metadata GC Threshold)
[2018-11-05T09:39:59.810+0530][gc,task      ] GC(0) Using 4 workers of 4 for evacuation
[2018-11-05T09:39:59.820+0530][gc,phases    ] GC(0)   Pre Evacuate Collection Set: 0.0ms
[2018-11-05T09:39:59.820+0530][gc,phases    ] GC(0)   Evacuate Collection Set: 9.1ms
[2018-11-05T09:39:59.820+0530][gc,phases    ] GC(0)   Post Evacuate Collection Set: 0.3ms
[2018-11-05T09:39:59.820+0530][gc,phases    ] GC(0)   Other: 0.3ms
[2018-11-05T09:39:59.820+0530][gc,heap      ] GC(0) Eden regions: 39->0(44)
[2018-11-05T09:39:59.820+0530][gc,heap      ] GC(0) Survivor regions: 0->7(7)
[2018-11-05T09:39:59.820+0530][gc,heap      ] GC(0) Old regions: 0->0
[2018-11-05T09:39:59.820+0530][gc,heap      ] GC(0) Humongous regions: 0->0
[2018-11-05T09:39:59.820+0530][gc,metaspace ] GC(0) Metaspace: 20628K->20628K(1069056K)
[2018-11-05T09:39:59.820+0530][gc           ] GC(0) Pause Initial Mark (Metadata GC Threshold) 38M->6M(1024M) 9.722ms
[2018-11-05T09:39:59.820+0530][gc,cpu       ] GC(0) User=0.03s Sys=0.00s Real=0.01s
[2018-11-05T09:39:59.820+0530][gc           ] GC(1) Concurrent Cycle
[2018-11-05T09:39:59.820+0530][gc,marking   ] GC(1) Concurrent Clear Claimed Marks
[2018-11-05T09:39:59.820+0530][gc,marking   ] GC(1) Concurrent Clear Claimed Marks 0.044ms
[2018-11-05T09:39:59.820+0530][gc,marking   ] GC(1) Concurrent Scan Root Regions
[2018-11-05T09:39:59.824+0530][gc,marking   ] GC(1) Concurrent Scan Root Regions 3.906ms
[2018-11-05T09:39:59.824+0530][gc,marking   ] GC(1) Concurrent Mark (1.224s)
[2018-11-05T09:39:59.824+0530][gc,marking   ] GC(1) Concurrent Mark From Roots
[2018-11-05T09:39:59.824+0530][gc,task      ] GC(1) Using 1 workers of 1 for marking
[2018-11-05T09:39:59.824+0530][gc,marking   ] GC(1) Concurrent Mark From Roots 0.381ms
[2018-11-05T09:39:59.824+0530][gc,marking   ] GC(1) Concurrent Mark (1.224s, 1.224s) 0.409ms
[2018-11-05T09:39:59.824+0530][gc,start     ] GC(1) Pause Remark
[2018-11-05T09:39:59.828+0530][gc,stringtable] GC(1) Cleaned string and symbol table, strings: 8229 processed, 0 removed, symbols: 64690 processed, 43 removed
[2018-11-05T09:39:59.828+0530][gc            ] GC(1) Pause Remark 6M->6M(1024M) 3.625ms
[2018-11-05T09:39:59.828+0530][gc,cpu        ] GC(1) User=0.01s Sys=0.00s Real=0.01s
[2018-11-05T09:39:59.828+0530][gc,marking    ] GC(1) Concurrent Create Live Data
[2018-11-05T09:39:59.828+0530][gc,marking    ] GC(1) Concurrent Create Live Data 0.317ms
[2018-11-05T09:39:59.829+0530][gc,start      ] GC(1) Pause Cleanup
[2018-11-05T09:39:59.830+0530][gc            ] GC(1) Pause Cleanup 6M->6M(1024M) 1.089ms
[2018-11-05T09:39:59.830+0530][gc,cpu        ] GC(1) User=0.00s Sys=0.00s Real=0.00s
[2018-11-05T09:39:59.830+0530][gc,marking    ] GC(1) Concurrent Cleanup for Next Mark
[2018-11-05T09:39:59.834+0530][gc,marking    ] GC(1) Concurrent Cleanup for Next Mark 4.364ms
[2018-11-05T09:39:59.834+0530][gc            ] GC(1) Concurrent Cycle 14.407ms
[2018-11-05T09:40:00.910+0530][gc,start      ] GC(2) Pause Young (G1 Evacuation Pause)
[2018-11-05T09:40:00.910+0530][gc,task       ] GC(2) Using 4 workers of 4 for evacuation
[2018-11-05T09:40:00.921+0530][gc,phases     ] GC(2)   Pre Evacuate Collection Set: 0.0ms
[2018-11-05T09:40:00.921+0530][gc,phases     ] GC(2)   Evacuate Collection Set: 10.5ms
[2018-11-05T09:40:00.921+0530][gc,phases     ] GC(2)   Post Evacuate Collection Set: 0.3ms
[2018-11-05T09:40:00.921+0530][gc,phases     ] GC(2)   Other: 0.3ms
[2018-11-05T09:40:00.921+0530][gc,heap       ] GC(2) Eden regions: 44->0(48)
[2018-11-05T09:40:00.921+0530][gc,heap       ] GC(2) Survivor regions: 7->3(7)
[2018-11-05T09:40:00.921+0530][gc,heap       ] GC(2) Old regions: 0->7
[2018-11-05T09:40:00.921+0530][gc,heap       ] GC(2) Humongous regions: 129->129
[2018-11-05T09:40:00.921+0530][gc,metaspace  ] GC(2) Metaspace: 29969K->29969K(1077248K)
[2018-11-05T09:40:00.921+0530][gc            ] GC(2) Pause Young (G1 Evacuation Pause) 179M->137M(1024M) 11.284ms
[2018-11-05T09:40:00.921+0530][gc,cpu        ] GC(2) User=0.04s Sys=0.01s Real=0.01s
[2018-11-05T09:40:01.378+0530][gc,start      ] GC(3) Pause Initial Mark (Metadata GC Threshold)
[2018-11-05T09:40:01.378+0530][gc,task       ] GC(3) Using 4 workers of 4 for evacuation
[2018-11-05T09:40:01.386+0530][gc,phases     ] GC(3)   Pre Evacuate Collection Set: 0.1ms
[2018-11-05T09:40:01.386+0530][gc,phases     ] GC(3)   Evacuate Collection Set: 7.7ms
[2018-11-05T09:40:01.386+0530][gc,phases     ] GC(3)   Post Evacuate Collection Set: 0.5ms
[2018-11-05T09:40:01.386+0530][gc,phases     ] GC(3)   Other: 0.4ms
[2018-11-05T09:40:01.386+0530][gc,heap       ] GC(3) Eden regions: 27->0(46)
[2018-11-05T09:40:01.386+0530][gc,heap       ] GC(3) Survivor regions: 3->5(7)
[2018-11-05T09:40:01.386+0530][gc,heap       ] GC(3) Old regions: 7->7
[2018-11-05T09:40:01.386+0530][gc,heap       ] GC(3) Humongous regions: 129->129
[2018-11-05T09:40:01.386+0530][gc,metaspace  ] GC(3) Metaspace: 34744K->34744K(1081344K)
[2018-11-05T09:40:01.386+0530][gc            ] GC(3) Pause Initial Mark (Metadata GC Threshold) 164M->140M(1024M) 8.833ms
[2018-11-05T09:40:01.386+0530][gc,cpu        ] GC(3) User=0.03s Sys=0.00s Real=0.00s
[2018-11-05T09:40:01.387+0530][gc            ] GC(4) Concurrent Cycle
[2018-11-05T09:40:01.387+0530][gc,marking    ] GC(4) Concurrent Clear Claimed Marks
[2018-11-05T09:40:01.387+0530][gc,marking    ] GC(4) Concurrent Clear Claimed Marks 0.074ms
[2018-11-05T09:40:01.387+0530][gc,marking    ] GC(4) Concurrent Scan Root Regions
[2018-11-05T09:40:01.390+0530][gc,marking    ] GC(4) Concurrent Scan Root Regions 3.491ms
[2018-11-05T09:40:01.390+0530][gc,marking    ] GC(4) Concurrent Mark (2.790s)
[2018-11-05T09:40:01.390+0530][gc,marking    ] GC(4) Concurrent Mark From Roots
[2018-11-05T09:40:01.390+0530][gc,task       ] GC(4) Using 1 workers of 1 for marking
[2018-11-05T09:40:01.406+0530][gc,marking    ] GC(4) Concurrent Mark From Roots 15.469ms
[2018-11-05T09:40:01.406+0530][gc,marking    ] GC(4) Concurrent Mark (2.790s, 2.806s) 15.528ms
[2018-11-05T09:40:01.407+0530][gc,start      ] GC(4) Pause Remark
[2018-11-05T09:40:01.413+0530][gc,stringtable] GC(4) Cleaned string and symbol table, strings: 12353 processed, 7 removed, symbols: 100266 processed, 23 removed
[2018-11-05T09:40:01.413+0530][gc            ] GC(4) Pause Remark 140M->140M(1024M) 6.021ms
[2018-11-05T09:40:01.413+0530][gc,cpu        ] GC(4) User=0.02s Sys=0.00s Real=0.00s
[2018-11-05T09:40:01.413+0530][gc,marking    ] GC(4) Concurrent Create Live Data
[2018-11-05T09:40:01.415+0530][gc,marking    ] GC(4) Concurrent Create Live Data 2.633ms
[2018-11-05T09:40:01.416+0530][gc,start      ] GC(4) Pause Cleanup
[2018-11-05T09:40:01.416+0530][gc            ] GC(4) Pause Cleanup 140M->140M(1024M) 0.607ms
[2018-11-05T09:40:01.417+0530][gc,cpu        ] GC(4) User=0.00s Sys=0.00s Real=0.00s
[2018-11-05T09:40:01.417+0530][gc,marking    ] GC(4) Concurrent Cleanup for Next Mark
[2018-11-05T09:40:01.423+0530][gc,marking    ] GC(4) Concurrent Cleanup for Next Mark 6.537ms
[2018-11-05T09:40:01.423+0530][gc            ] GC(4) Concurrent Cycle 36.490ms
[2018-11-05T09:42:00.951+0530][gc,start      ] GC(5) Pause Young (G1 Evacuation Pause)
[2018-11-05T09:42:00.951+0530][gc,task       ] GC(5) Using 4 workers of 4 for evacuation
[2018-11-05T09:42:00.962+0530][gc,phases     ] GC(5)   Pre Evacuate Collection Set: 0.0ms
[2018-11-05T09:42:00.962+0530][gc,phases     ] GC(5)   Evacuate Collection Set: 9.5ms
[2018-11-05T09:42:00.962+0530][gc,phases     ] GC(5)   Post Evacuate Collection Set: 0.4ms
[2018-11-05T09:42:00.962+0530][gc,phases     ] GC(5)   Other: 0.5ms
[2018-11-05T09:42:00.962+0530][gc,heap       ] GC(5) Eden regions: 46->0(46)
[2018-11-05T09:42:00.962+0530][gc,heap       ] GC(5) Survivor regions: 5->5(7)
[2018-11-05T09:42:00.962+0530][gc,heap       ] GC(5) Old regions: 7->9
[2018-11-05T09:42:00.962+0530][gc,heap       ] GC(5) Humongous regions: 195->129
[2018-11-05T09:42:00.962+0530][gc,metaspace  ] GC(5) Metaspace: 40328K->40328K(1085440K)
[2018-11-05T09:42:00.962+0530][gc            ] GC(5) Pause Young (G1 Evacuation Pause) 252M->141M(1024M) 10.528ms
[2018-11-05T09:42:00.962+0530][gc,cpu        ] GC(5) User=0.04s Sys=0.00s Real=0.01s
[2018-11-05T09:52:39.827+0530][gc,start      ] GC(6) Pause Young (G1 Evacuation Pause)
[2018-11-05T09:52:39.827+0530][gc,task       ] GC(6) Using 4 workers of 4 for evacuation
[2018-11-05T09:52:39.836+0530][gc,phases     ] GC(6)   Pre Evacuate Collection Set: 0.0ms
[2018-11-05T09:52:39.836+0530][gc,phases     ] GC(6)   Evacuate Collection Set: 8.9ms
[2018-11-05T09:52:39.836+0530][gc,phases     ] GC(6)   Post Evacuate Collection Set: 0.4ms
[2018-11-05T09:52:39.836+0530][gc,phases     ] GC(6)   Other: 0.3ms
[2018-11-05T09:52:39.836+0530][gc,heap       ] GC(6) Eden regions: 46->0(47)
[2018-11-05T09:52:39.836+0530][gc,heap       ] GC(6) Survivor regions: 5->4(7)
[2018-11-05T09:52:39.836+0530][gc,heap       ] GC(6) Old regions: 9->11
[2018-11-05T09:52:39.836+0530][gc,heap       ] GC(6) Humongous regions: 129->129
[2018-11-05T09:52:39.836+0530][gc,metaspace  ] GC(6) Metaspace: 41077K->41077K(1087488K)
[2018-11-05T09:52:39.836+0530][gc            ] GC(6) Pause Young (G1 Evacuation Pause) 187M->143M(1024M) 9.762ms
[2018-11-05T09:52:39.836+0530][gc,cpu        ] GC(6) User=0.04s Sys=0.00s Real=0.01s
[2018-11-05T10:04:31.948+0530][gc,start      ] GC(7) Pause Young (G1 Evacuation Pause)
[2018-11-05T10:04:31.948+0530][gc,task       ] GC(7) Using 4 workers of 4 for evacuation
[2018-11-05T10:04:31.956+0530][gc,phases     ] GC(7)   Pre Evacuate Collection Set: 0.0ms
[2018-11-05T10:04:31.956+0530][gc,phases     ] GC(7)   Evacuate Collection Set: 8.0ms
[2018-11-05T10:04:31.956+0530][gc,phases     ] GC(7)   Post Evacuate Collection Set: 0.3ms
[2018-11-05T10:04:31.956+0530][gc,phases     ] GC(7)   Other: 0.3ms
[2018-11-05T10:04:31.956+0530][gc,heap       ] GC(7) Eden regions: 47->0(48)
[2018-11-05T10:04:31.956+0530][gc,heap       ] GC(7) Survivor regions: 4->3(7)
[2018-11-05T10:04:31.956+0530][gc,heap       ] GC(7) Old regions: 11->13
[2018-11-05T10:04:31.956+0530][gc,heap       ] GC(7) Humongous regions: 129->129
[2018-11-05T10:04:31.956+0530][gc,metaspace  ] GC(7) Metaspace: 41243K->41243K(1087488K)
[2018-11-05T10:04:31.956+0530][gc            ] GC(7) Pause Young (G1 Evacuation Pause) 190M->144M(1024M) 8.684ms
[2018-11-05T10:04:31.957+0530][gc,cpu        ] GC(7) User=0.04s Sys=0.00s Real=0.01s
[2018-11-05T10:16:30.837+0530][gc,start      ] GC(8) Pause Young (G1 Evacuation Pause)
[2018-11-05T10:16:30.859+0530][gc,task       ] GC(8) Using 4 workers of 4 for evacuation
[2018-11-05T10:16:30.864+0530][gc,phases     ] GC(8)   Pre Evacuate Collection Set: 0.0ms
[2018-11-05T10:16:30.864+0530][gc,phases     ] GC(8)   Evacuate Collection Set: 5.1ms
[2018-11-05T10:16:30.864+0530][gc,phases     ] GC(8)   Post Evacuate Collection Set: 0.3ms
[2018-11-05T10:16:30.864+0530][gc,phases     ] GC(8)   Other: 21.6ms
[2018-11-05T10:16:30.864+0530][gc,heap       ] GC(8) Eden regions: 48->0(48)
[2018-11-05T10:16:30.864+0530][gc,heap       ] GC(8) Survivor regions: 3->3(7)
[2018-11-05T10:16:30.864+0530][gc,heap       ] GC(8) Old regions: 13->13
[2018-11-05T10:16:30.864+0530][gc,heap       ] GC(8) Humongous regions: 129->129
[2018-11-05T10:16:30.864+0530][gc,metaspace  ] GC(8) Metaspace: 41356K->41356K(1087488K)
[2018-11-05T10:16:30.864+0530][gc            ] GC(8) Pause Young (G1 Evacuation Pause) 192M->144M(1024M) 27.134ms
[2018-11-05T10:16:30.864+0530][gc,cpu        ] GC(8) User=0.01s Sys=0.00s Real=0.02s
[2018-11-05T10:26:47.861+0530][gc,start      ] GC(9) Pause Young (G1 Evacuation Pause)
[2018-11-05T10:26:47.862+0530][gc,task       ] GC(9) Using 4 workers of 4 for evacuation
[2018-11-05T10:26:47.867+0530][gc,phases     ] GC(9)   Pre Evacuate Collection Set: 0.0ms
[2018-11-05T10:26:47.867+0530][gc,phases     ] GC(9)   Evacuate Collection Set: 4.9ms
[2018-11-05T10:26:47.867+0530][gc,phases     ] GC(9)   Post Evacuate Collection Set: 0.3ms
[2018-11-05T10:26:47.867+0530][gc,phases     ] GC(9)   Other: 0.2ms
[2018-11-05T10:26:47.867+0530][gc,heap       ] GC(9) Eden regions: 48->0(48)
[2018-11-05T10:26:47.867+0530][gc,heap       ] GC(9) Survivor regions: 3->3(7)
[2018-11-05T10:26:47.867+0530][gc,heap       ] GC(9) Old regions: 13->13
[2018-11-05T10:26:47.867+0530][gc,heap       ] GC(9) Humongous regions: 129->129
[2018-11-05T10:26:47.867+0530][gc,metaspace  ] GC(9) Metaspace: 41619K->41619K(1087488K)
[2018-11-05T10:26:47.867+0530][gc            ] GC(9) Pause Young (G1 Evacuation Pause) 192M->144M(1024M) 5.438ms
[2018-11-05T10:26:47.867+0530][gc,cpu        ] GC(9) User=0.01s Sys=0.00s Real=0.01s
[2018-11-05T10:33:39.291+0530][gc,start      ] GC(10) Pause Young (G1 Evacuation Pause)
[2018-11-05T10:33:39.291+0530][gc,task       ] GC(10) Using 4 workers of 4 for evacuation
[2018-11-05T10:33:39.299+0530][gc,phases     ] GC(10)   Pre Evacuate Collection Set: 0.0ms
[2018-11-05T10:33:39.299+0530][gc,phases     ] GC(10)   Evacuate Collection Set: 7.9ms
[2018-11-05T10:33:39.299+0530][gc,phases     ] GC(10)   Post Evacuate Collection Set: 0.2ms
[2018-11-05T10:33:39.299+0530][gc,phases     ] GC(10)   Other: 0.2ms
[2018-11-05T10:33:39.299+0530][gc,heap       ] GC(10) Eden regions: 48->0(47)
[2018-11-05T10:33:39.299+0530][gc,heap       ] GC(10) Survivor regions: 3->4(7)
[2018-11-05T10:33:39.299+0530][gc,heap       ] GC(10) Old regions: 13->13
[2018-11-05T10:33:39.299+0530][gc,heap       ] GC(10) Humongous regions: 129->129
[2018-11-05T10:33:39.299+0530][gc,metaspace  ] GC(10) Metaspace: 41643K->41643K(1087488K)
[2018-11-05T10:33:39.299+0530][gc            ] GC(10) Pause Young (G1 Evacuation Pause) 192M->145M(1024M) 8.465ms
[2018-11-05T10:33:39.299+0530][gc,cpu        ] GC(10) User=0.02s Sys=0.00s Real=0.01s
[2018-11-05T10:40:01.478+0530][gc,start      ] GC(11) Pause Young (G1 Evacuation Pause)
[2018-11-05T10:40:01.478+0530][gc,task       ] GC(11) Using 4 workers of 4 for evacuation
[2018-11-05T10:40:01.486+0530][gc,phases     ] GC(11)   Pre Evacuate Collection Set: 0.0ms
[2018-11-05T10:40:01.486+0530][gc,phases     ] GC(11)   Evacuate Collection Set: 6.9ms
[2018-11-05T10:40:01.486+0530][gc,phases     ] GC(11)   Post Evacuate Collection Set: 0.2ms
[2018-11-05T10:40:01.486+0530][gc,phases     ] GC(11)   Other: 0.2ms
[2018-11-05T10:40:01.486+0530][gc,heap       ] GC(11) Eden regions: 47->0(63)
[2018-11-05T10:40:01.486+0530][gc,heap       ] GC(11) Survivor regions: 4->5(7)
[2018-11-05T10:40:01.486+0530][gc,heap       ] GC(11) Old regions: 13->13
[2018-11-05T10:40:01.486+0530][gc,heap       ] GC(11) Humongous regions: 129->129
[2018-11-05T10:40:01.486+0530][gc,metaspace  ] GC(11) Metaspace: 41713K->41713K(1087488K)
[2018-11-05T10:40:01.486+0530][gc            ] GC(11) Pause Young (G1 Evacuation Pause) 192M->146M(1024M) 7.329ms
[2018-11-05T10:40:01.486+0530][gc,cpu        ] GC(11) User=0.02s Sys=0.00s Real=0.00s
[2018-11-05T10:48:46.120+0530][gc,start      ] GC(12) Pause Young (G1 Evacuation Pause)
[2018-11-05T10:48:46.120+0530][gc,task       ] GC(12) Using 4 workers of 4 for evacuation
[2018-11-05T10:48:46.134+0530][gc,phases     ] GC(12)   Pre Evacuate Collection Set: 0.0ms
[2018-11-05T10:48:46.134+0530][gc,phases     ] GC(12)   Evacuate Collection Set: 13.9ms
[2018-11-05T10:48:46.134+0530][gc,phases     ] GC(12)   Post Evacuate Collection Set: 0.3ms
[2018-11-05T10:48:46.134+0530][gc,phases     ] GC(12)   Other: 0.3ms
[2018-11-05T10:48:46.134+0530][gc,heap       ] GC(12) Eden regions: 63->0(61)
[2018-11-05T10:48:46.134+0530][gc,heap       ] GC(12) Survivor regions: 5->5(9)
[2018-11-05T10:48:46.134+0530][gc,heap       ] GC(12) Old regions: 13->13
[2018-11-05T10:48:46.134+0530][gc,heap       ] GC(12) Humongous regions: 129->129
[2018-11-05T10:48:46.134+0530][gc,metaspace  ] GC(12) Metaspace: 41748K->41748K(1087488K)
[2018-11-05T10:48:46.134+0530][gc            ] GC(12) Pause Young (G1 Evacuation Pause) 209M->146M(1024M) 14.627ms
[2018-11-05T10:48:46.134+0530][gc,cpu        ] GC(12) User=0.05s Sys=0.00s Real=0.01s
[2018-11-05T10:57:06.948+0530][gc,start      ] GC(13) Pause Young (G1 Evacuation Pause)
[2018-11-05T10:57:06.948+0530][gc,task       ] GC(13) Using 4 workers of 4 for evacuation
[2018-11-05T10:57:06.962+0530][gc,phases     ] GC(13)   Pre Evacuate Collection Set: 0.0ms
[2018-11-05T10:57:06.962+0530][gc,phases     ] GC(13)   Evacuate Collection Set: 13.6ms
[2018-11-05T10:57:06.962+0530][gc,phases     ] GC(13)   Post Evacuate Collection Set: 0.2ms
[2018-11-05T10:57:06.962+0530][gc,phases     ] GC(13)   Other: 0.4ms
[2018-11-05T10:57:06.962+0530][gc,heap       ] GC(13) Eden regions: 61->0(61)
[2018-11-05T10:57:06.962+0530][gc,heap       ] GC(13) Survivor regions: 5->5(9)
[2018-11-05T10:57:06.962+0530][gc,heap       ] GC(13) Old regions: 13->13
[2018-11-05T10:57:06.962+0530][gc,heap       ] GC(13) Humongous regions: 129->129
[2018-11-05T10:57:06.962+0530][gc,metaspace  ] GC(13) Metaspace: 41757K->41757K(1087488K)
[2018-11-05T10:57:06.962+0530][gc            ] GC(13) Pause Young (G1 Evacuation Pause) 207M->146M(1024M) 14.331ms
[2018-11-05T10:57:06.962+0530][gc,cpu        ] GC(13) User=0.05s Sys=0.00s Real=0.01s
[2018-11-05T11:04:33.865+0530][gc,start      ] GC(14) Pause Young (G1 Evacuation Pause)
[2018-11-05T11:04:33.865+0530][gc,task       ] GC(14) Using 4 workers of 4 for evacuation
[2018-11-05T11:04:33.879+0530][gc,phases     ] GC(14)   Pre Evacuate Collection Set: 0.0ms
[2018-11-05T11:04:33.879+0530][gc,phases     ] GC(14)   Evacuate Collection Set: 12.9ms
[2018-11-05T11:04:33.879+0530][gc,phases     ] GC(14)   Post Evacuate Collection Set: 0.2ms
[2018-11-05T11:04:33.879+0530][gc,phases     ] GC(14)   Other: 0.3ms
[2018-11-05T11:04:33.879+0530][gc,heap       ] GC(14) Eden regions: 61->0(62)
[2018-11-05T11:04:33.879+0530][gc,heap       ] GC(14) Survivor regions: 5->5(9)
[2018-11-05T11:04:33.879+0530][gc,heap       ] GC(14) Old regions: 13->13
[2018-11-05T11:04:33.879+0530][gc,heap       ] GC(14) Humongous regions: 129->129
[2018-11-05T11:04:33.879+0530][gc,metaspace  ] GC(14) Metaspace: 41768K->41768K(1087488K)
[2018-11-05T11:04:33.879+0530][gc            ] GC(14) Pause Young (G1 Evacuation Pause) 207M->146M(1024M) 13.531ms
[2018-11-05T11:04:33.879+0530][gc,cpu        ] GC(14) User=0.06s Sys=0.00s Real=0.02s
[2018-11-05T11:11:38.458+0530][gc,start      ] GC(15) Pause Young (G1 Evacuation Pause)
[2018-11-05T11:11:38.458+0530][gc,task       ] GC(15) Using 4 workers of 4 for evacuation
[2018-11-05T11:11:38.468+0530][gc,phases     ] GC(15)   Pre Evacuate Collection Set: 0.0ms
[2018-11-05T11:11:38.468+0530][gc,phases     ] GC(15)   Evacuate Collection Set: 9.6ms
[2018-11-05T11:11:38.468+0530][gc,phases     ] GC(15)   Post Evacuate Collection Set: 0.3ms
[2018-11-05T11:11:38.468+0530][gc,phases     ] GC(15)   Other: 0.2ms
[2018-11-05T11:11:38.468+0530][gc,heap       ] GC(15) Eden regions: 62->0(64)
[2018-11-05T11:11:38.468+0530][gc,heap       ] GC(15) Survivor regions: 5->5(9)
[2018-11-05T11:11:38.468+0530][gc,heap       ] GC(15) Old regions: 13->14
[2018-11-05T11:11:38.468+0530][gc,heap       ] GC(15) Humongous regions: 129->129
[2018-11-05T11:11:38.468+0530][gc,metaspace  ] GC(15) Metaspace: 42230K->42230K(1087488K)
[2018-11-05T11:11:38.468+0530][gc            ] GC(15) Pause Young (G1 Evacuation Pause) 208M->147M(1024M) 10.227ms
[2018-11-05T11:11:38.468+0530][gc,cpu        ] GC(15) User=0.03s Sys=0.00s Real=0.01s
[2018-11-05T11:19:04.735+0530][gc,start      ] GC(16) Pause Young (G1 Evacuation Pause)
[2018-11-05T11:19:04.735+0530][gc,task       ] GC(16) Using 4 workers of 4 for evacuation
[2018-11-05T11:19:04.744+0530][gc,phases     ] GC(16)   Pre Evacuate Collection Set: 0.0ms
[2018-11-05T11:19:04.744+0530][gc,phases     ] GC(16)   Evacuate Collection Set: 8.6ms
[2018-11-05T11:19:04.744+0530][gc,phases     ] GC(16)   Post Evacuate Collection Set: 0.3ms
[2018-11-05T11:19:04.744+0530][gc,phases     ] GC(16)   Other: 0.2ms
[2018-11-05T11:19:04.744+0530][gc,heap       ] GC(16) Eden regions: 64->0(73)
[2018-11-05T11:19:04.744+0530][gc,heap       ] GC(16) Survivor regions: 5->5(9)
[2018-11-05T11:19:04.744+0530][gc,heap       ] GC(16) Old regions: 14->14
[2018-11-05T11:19:04.744+0530][gc,heap       ] GC(16) Humongous regions: 129->129
[2018-11-05T11:19:04.744+0530][gc,metaspace  ] GC(16) Metaspace: 42247K->42247K(1087488K)
[2018-11-05T11:19:04.744+0530][gc            ] GC(16) Pause Young (G1 Evacuation Pause) 211M->147M(1024M) 9.213ms
[2018-11-05T11:19:04.744+0530][gc,cpu        ] GC(16) User=0.03s Sys=0.00s Real=0.00s
[2018-11-05T11:27:36.604+0530][gc,start      ] GC(17) Pause Young (G1 Evacuation Pause)
[2018-11-05T11:27:36.604+0530][gc,task       ] GC(17) Using 4 workers of 4 for evacuation
[2018-11-05T11:27:36.612+0530][gc,phases     ] GC(17)   Pre Evacuate Collection Set: 0.0ms
[2018-11-05T11:27:36.612+0530][gc,phases     ] GC(17)   Evacuate Collection Set: 8.0ms
[2018-11-05T11:27:36.612+0530][gc,phases     ] GC(17)   Post Evacuate Collection Set: 0.2ms
[2018-11-05T11:27:36.612+0530][gc,phases     ] GC(17)   Other: 0.2ms
[2018-11-05T11:27:36.612+0530][gc,heap       ] GC(17) Eden regions: 73->0(77)
[2018-11-05T11:27:36.612+0530][gc,heap       ] GC(17) Survivor regions: 5->5(10)
[2018-11-05T11:27:36.612+0530][gc,heap       ] GC(17) Old regions: 14->14
[2018-11-05T11:27:36.612+0530][gc,heap       ] GC(17) Humongous regions: 129->129
[2018-11-05T11:27:36.612+0530][gc,metaspace  ] GC(17) Metaspace: 42255K->42255K(1087488K)
[2018-11-05T11:27:36.612+0530][gc            ] GC(17) Pause Young (G1 Evacuation Pause) 220M->147M(1024M) 8.528ms
[2018-11-05T11:27:36.612+0530][gc,cpu        ] GC(17) User=0.04s Sys=0.00s Real=0.01s
[2018-11-05T11:34:58.484+0530][gc,start      ] GC(18) Pause Young (G1 Evacuation Pause)
[2018-11-05T11:34:58.484+0530][gc,task       ] GC(18) Using 4 workers of 4 for evacuation
[2018-11-05T11:34:58.499+0530][gc,phases     ] GC(18)   Pre Evacuate Collection Set: 0.0ms
[2018-11-05T11:34:58.499+0530][gc,phases     ] GC(18)   Evacuate Collection Set: 14.4ms
[2018-11-05T11:34:58.499+0530][gc,phases     ] GC(18)   Post Evacuate Collection Set: 0.2ms
[2018-11-05T11:34:58.499+0530][gc,phases     ] GC(18)   Other: 0.3ms
[2018-11-05T11:34:58.499+0530][gc,heap       ] GC(18) Eden regions: 77->0(83)
[2018-11-05T11:34:58.499+0530][gc,heap       ] GC(18) Survivor regions: 5->5(11)
[2018-11-05T11:34:58.499+0530][gc,heap       ] GC(18) Old regions: 14->14
[2018-11-05T11:34:58.499+0530][gc,heap       ] GC(18) Humongous regions: 129->129
[2018-11-05T11:34:58.499+0530][gc,metaspace  ] GC(18) Metaspace: 42262K->42262K(1087488K)
[2018-11-05T11:34:58.499+0530][gc            ] GC(18) Pause Young (G1 Evacuation Pause) 224M->147M(1024M) 15.059ms
[2018-11-05T11:34:58.499+0530][gc,cpu        ] GC(18) User=0.04s Sys=0.00s Real=0.02s
[2018-11-05T11:41:54.034+0530][gc,start      ] GC(19) Pause Young (G1 Evacuation Pause)
[2018-11-05T11:41:54.034+0530][gc,task       ] GC(19) Using 4 workers of 4 for evacuation
[2018-11-05T11:41:54.050+0530][gc,phases     ] GC(19)   Pre Evacuate Collection Set: 0.0ms
[2018-11-05T11:41:54.050+0530][gc,phases     ] GC(19)   Evacuate Collection Set: 14.9ms
[2018-11-05T11:41:54.050+0530][gc,phases     ] GC(19)   Post Evacuate Collection Set: 0.2ms
[2018-11-05T11:41:54.050+0530][gc,phases     ] GC(19)   Other: 0.4ms
[2018-11-05T11:41:54.050+0530][gc,heap       ] GC(19) Eden regions: 83->0(111)
[2018-11-05T11:41:54.050+0530][gc,heap       ] GC(19) Survivor regions: 5->5(11)
[2018-11-05T11:41:54.050+0530][gc,heap       ] GC(19) Old regions: 14->14
[2018-11-05T11:41:54.050+0530][gc,heap       ] GC(19) Humongous regions: 129->129
[2018-11-05T11:41:54.050+0530][gc,metaspace  ] GC(19) Metaspace: 42286K->42286K(1087488K)
[2018-11-05T11:41:54.050+0530][gc            ] GC(19) Pause Young (G1 Evacuation Pause) 230M->147M(1024M) 15.507ms
[2018-11-05T11:41:54.050+0530][gc,cpu        ] GC(19) User=0.06s Sys=0.00s Real=0.02s
[2018-11-05T11:52:58.844+0530][gc,start      ] GC(20) Pause Young (G1 Evacuation Pause)
[2018-11-05T11:52:58.844+0530][gc,task       ] GC(20) Using 4 workers of 4 for evacuation
[2018-11-05T11:52:58.853+0530][gc,phases     ] GC(20)   Pre Evacuate Collection Set: 0.0ms
[2018-11-05T11:52:58.853+0530][gc,phases     ] GC(20)   Evacuate Collection Set: 9.1ms
[2018-11-05T11:52:58.853+0530][gc,phases     ] GC(20)   Post Evacuate Collection Set: 0.2ms
[2018-11-05T11:52:58.853+0530][gc,phases     ] GC(20)   Other: 0.2ms
[2018-11-05T11:52:58.853+0530][gc,heap       ] GC(20) Eden regions: 111->0(118)
[2018-11-05T11:52:58.853+0530][gc,heap       ] GC(20) Survivor regions: 5->5(15)
[2018-11-05T11:52:58.853+0530][gc,heap       ] GC(20) Old regions: 14->14
[2018-11-05T11:52:58.853+0530][gc,heap       ] GC(20) Humongous regions: 129->129
[2018-11-05T11:52:58.853+0530][gc,metaspace  ] GC(20) Metaspace: 42340K->42340K(1087488K)
[2018-11-05T11:52:58.853+0530][gc            ] GC(20) Pause Young (G1 Evacuation Pause) 258M->147M(1024M) 9.727ms
[2018-11-05T11:52:58.853+0530][gc,cpu        ] GC(20) User=0.03s Sys=0.01s Real=0.01s
[2018-11-05T12:04:11.073+0530][gc,start      ] GC(21) Pause Young (G1 Evacuation Pause)
[2018-11-05T12:04:11.073+0530][gc,task       ] GC(21) Using 4 workers of 4 for evacuation
[2018-11-05T12:04:11.082+0530][gc,phases     ] GC(21)   Pre Evacuate Collection Set: 0.0ms
[2018-11-05T12:04:11.082+0530][gc,phases     ] GC(21)   Evacuate Collection Set: 7.8ms
[2018-11-05T12:04:11.082+0530][gc,phases     ] GC(21)   Post Evacuate Collection Set: 0.4ms
[2018-11-05T12:04:11.082+0530][gc,phases     ] GC(21)   Other: 0.2ms
[2018-11-05T12:04:11.082+0530][gc,heap       ] GC(21) Eden regions: 118->0(153)
[2018-11-05T12:04:11.082+0530][gc,heap       ] GC(21) Survivor regions: 5->5(16)
[2018-11-05T12:04:11.082+0530][gc,heap       ] GC(21) Old regions: 14->14
[2018-11-05T12:04:11.082+0530][gc,heap       ] GC(21) Humongous regions: 129->129
[2018-11-05T12:04:11.082+0530][gc,metaspace  ] GC(21) Metaspace: 42364K->42364K(1087488K)
[2018-11-05T12:04:11.082+0530][gc            ] GC(21) Pause Young (G1 Evacuation Pause) 265M->147M(1024M) 8.489ms
[2018-11-05T12:04:11.082+0530][gc,cpu        ] GC(21) User=0.03s Sys=0.00s Real=0.01s
[2018-11-05T12:20:50.110+0530][gc,start      ] GC(22) Pause Young (G1 Evacuation Pause)
[2018-11-05T12:20:50.157+0530][gc,task       ] GC(22) Using 4 workers of 4 for evacuation
[2018-11-05T12:20:50.167+0530][gc,phases     ] GC(22)   Pre Evacuate Collection Set: 0.0ms
[2018-11-05T12:20:50.167+0530][gc,phases     ] GC(22)   Evacuate Collection Set: 9.7ms
[2018-11-05T12:20:50.167+0530][gc,phases     ] GC(22)   Post Evacuate Collection Set: 0.3ms
[2018-11-05T12:20:50.167+0530][gc,phases     ] GC(22)   Other: 47.0ms
[2018-11-05T12:20:50.167+0530][gc,heap       ] GC(22) Eden regions: 153->0(177)
[2018-11-05T12:20:50.167+0530][gc,heap       ] GC(22) Survivor regions: 5->6(20)
[2018-11-05T12:20:50.167+0530][gc,heap       ] GC(22) Old regions: 14->14
[2018-11-05T12:20:50.167+0530][gc,heap       ] GC(22) Humongous regions: 129->129
[2018-11-05T12:20:50.167+0530][gc,metaspace  ] GC(22) Metaspace: 42386K->42386K(1087488K)
[2018-11-05T12:20:50.167+0530][gc            ] GC(22) Pause Young (G1 Evacuation Pause) 300M->148M(1024M) 57.097ms
[2018-11-05T12:20:50.167+0530][gc,cpu        ] GC(22) User=0.04s Sys=0.00s Real=0.06s
[2018-11-05T12:37:44.102+0530][gc,start      ] GC(23) Pause Young (G1 Evacuation Pause)
[2018-11-05T12:37:44.102+0530][gc,task       ] GC(23) Using 4 workers of 4 for evacuation
[2018-11-05T12:37:44.112+0530][gc,phases     ] GC(23)   Pre Evacuate Collection Set: 0.0ms
[2018-11-05T12:37:44.112+0530][gc,phases     ] GC(23)   Evacuate Collection Set: 9.1ms
[2018-11-05T12:37:44.112+0530][gc,phases     ] GC(23)   Post Evacuate Collection Set: 0.4ms
[2018-11-05T12:37:44.112+0530][gc,phases     ] GC(23)   Other: 0.2ms
[2018-11-05T12:37:44.112+0530][gc,heap       ] GC(23) Eden regions: 177->0(608)
[2018-11-05T12:37:44.112+0530][gc,heap       ] GC(23) Survivor regions: 6->6(23)
[2018-11-05T12:37:44.112+0530][gc,heap       ] GC(23) Old regions: 14->14
[2018-11-05T12:37:44.112+0530][gc,heap       ] GC(23) Humongous regions: 129->129
[2018-11-05T12:37:44.112+0530][gc,metaspace  ] GC(23) Metaspace: 42388K->42388K(1087488K)
[2018-11-05T12:37:44.112+0530][gc            ] GC(23) Pause Young (G1 Evacuation Pause) 325M->148M(1024M) 9.793ms
[2018-11-05T12:37:44.112+0530][gc,cpu        ] GC(23) User=0.03s Sys=0.00s Real=0.01s
[2018-11-05T14:51:56.308+0530][gc,start      ] GC(24) Pause Young (G1 Evacuation Pause)
[2018-11-05T14:51:56.361+0530][gc,task       ] GC(24) Using 4 workers of 4 for evacuation
[2018-11-05T14:51:56.372+0530][gc,phases     ] GC(24)   Pre Evacuate Collection Set: 0.0ms
[2018-11-05T14:51:56.372+0530][gc,phases     ] GC(24)   Evacuate Collection Set: 9.6ms
[2018-11-05T14:51:56.372+0530][gc,phases     ] GC(24)   Post Evacuate Collection Set: 0.6ms
[2018-11-05T14:51:56.372+0530][gc,phases     ] GC(24)   Other: 53.2ms
[2018-11-05T14:51:56.372+0530][gc,heap       ] GC(24) Eden regions: 608->0(608)
[2018-11-05T14:51:56.372+0530][gc,heap       ] GC(24) Survivor regions: 6->6(77)
[2018-11-05T14:51:56.372+0530][gc,heap       ] GC(24) Old regions: 14->14
[2018-11-05T14:51:56.372+0530][gc,heap       ] GC(24) Humongous regions: 129->129
[2018-11-05T14:51:56.372+0530][gc,metaspace  ] GC(24) Metaspace: 42511K->42511K(1087488K)
[2018-11-05T14:51:56.372+0530][gc            ] GC(24) Pause Young (G1 Evacuation Pause) 756M->148M(1024M) 63.551ms
[2018-11-05T14:51:56.372+0530][gc,cpu        ] GC(24) User=0.04s Sys=0.00s Real=0.06s
[2018-11-05T15:38:28.516+0530][gc,start      ] GC(25) Pause Young (G1 Evacuation Pause)
[2018-11-05T15:38:28.564+0530][gc,task       ] GC(25) Using 4 workers of 4 for evacuation
[2018-11-05T15:38:28.575+0530][gc,phases     ] GC(25)   Pre Evacuate Collection Set: 0.0ms
[2018-11-05T15:38:28.575+0530][gc,phases     ] GC(25)   Evacuate Collection Set: 9.5ms
[2018-11-05T15:38:28.575+0530][gc,phases     ] GC(25)   Post Evacuate Collection Set: 0.6ms
[2018-11-05T15:38:28.575+0530][gc,phases     ] GC(25)   Other: 49.0ms
[2018-11-05T15:38:28.575+0530][gc,heap       ] GC(25) Eden regions: 608->0(608)
[2018-11-05T15:38:28.575+0530][gc,heap       ] GC(25) Survivor regions: 6->6(77)
[2018-11-05T15:38:28.575+0530][gc,heap       ] GC(25) Old regions: 14->15
[2018-11-05T15:38:28.575+0530][gc,heap       ] GC(25) Humongous regions: 129->129
[2018-11-05T15:38:28.575+0530][gc,metaspace  ] GC(25) Metaspace: 42624K->42624K(1087488K)
[2018-11-05T15:38:28.575+0530][gc            ] GC(25) Pause Young (G1 Evacuation Pause) 756M->148M(1024M) 59.305ms
[2018-11-05T15:38:28.575+0530][gc,cpu        ] GC(25) User=0.04s Sys=0.00s Real=0.06s
[2018-11-05T16:17:44.656+0530][gc,start      ] GC(26) Pause Young (G1 Evacuation Pause)
[2018-11-05T16:17:44.697+0530][gc,task       ] GC(26) Using 4 workers of 4 for evacuation
[2018-11-05T16:17:44.706+0530][gc,phases     ] GC(26)   Pre Evacuate Collection Set: 0.0ms
[2018-11-05T16:17:44.706+0530][gc,phases     ] GC(26)   Evacuate Collection Set: 8.8ms
[2018-11-05T16:17:44.706+0530][gc,phases     ] GC(26)   Post Evacuate Collection Set: 0.6ms
[2018-11-05T16:17:44.706+0530][gc,phases     ] GC(26)   Other: 40.3ms
[2018-11-05T16:17:44.706+0530][gc,heap       ] GC(26) Eden regions: 608->0(609)
[2018-11-05T16:17:44.706+0530][gc,heap       ] GC(26) Survivor regions: 6->5(77)
[2018-11-05T16:17:44.706+0530][gc,heap       ] GC(26) Old regions: 15->15
[2018-11-05T16:17:44.706+0530][gc,heap       ] GC(26) Humongous regions: 129->129
[2018-11-05T16:17:44.706+0530][gc,metaspace  ] GC(26) Metaspace: 42642K->42642K(1087488K)
[2018-11-05T16:17:44.706+0530][gc            ] GC(26) Pause Young (G1 Evacuation Pause) 756M->148M(1024M) 49.772ms
[2018-11-05T16:17:44.706+0530][gc,cpu        ] GC(26) User=0.03s Sys=0.00s Real=0.05s
[2018-11-05T17:09:38.273+0530][gc,start      ] GC(27) Pause Young (G1 Evacuation Pause)
[2018-11-05T17:09:38.322+0530][gc,task       ] GC(27) Using 4 workers of 4 for evacuation
[2018-11-05T17:09:38.332+0530][gc,phases     ] GC(27)   Pre Evacuate Collection Set: 0.0ms
[2018-11-05T17:09:38.332+0530][gc,phases     ] GC(27)   Evacuate Collection Set: 9.7ms
[2018-11-05T17:09:38.332+0530][gc,phases     ] GC(27)   Post Evacuate Collection Set: 0.6ms
[2018-11-05T17:09:38.332+0530][gc,phases     ] GC(27)   Other: 49.2ms
[2018-11-05T17:09:38.332+0530][gc,heap       ] GC(27) Eden regions: 609->0(609)
[2018-11-05T17:09:38.332+0530][gc,heap       ] GC(27) Survivor regions: 5->5(77)
[2018-11-05T17:09:38.332+0530][gc,heap       ] GC(27) Old regions: 15->15
[2018-11-05T17:09:38.332+0530][gc,heap       ] GC(27) Humongous regions: 129->129
[2018-11-05T17:09:38.332+0530][gc,metaspace  ] GC(27) Metaspace: 42686K->42686K(1087488K)
[2018-11-05T17:09:38.332+0530][gc            ] GC(27) Pause Young (G1 Evacuation Pause) 757M->148M(1024M) 59.587ms
[2018-11-05T17:09:38.332+0530][gc,cpu        ] GC(27) User=0.04s Sys=0.00s Real=0.06s
[2018-11-05T18:02:15.636+0530][gc,start      ] GC(28) Pause Young (G1 Evacuation Pause)
[2018-11-05T18:02:15.636+0530][gc,task       ] GC(28) Using 4 workers of 4 for evacuation
[2018-11-05T18:02:15.645+0530][gc,phases     ] GC(28)   Pre Evacuate Collection Set: 0.0ms
[2018-11-05T18:02:15.645+0530][gc,phases     ] GC(28)   Evacuate Collection Set: 8.7ms
[2018-11-05T18:02:15.645+0530][gc,phases     ] GC(28)   Post Evacuate Collection Set: 0.6ms
[2018-11-05T18:02:15.645+0530][gc,phases     ] GC(28)   Other: 0.4ms
[2018-11-05T18:02:15.645+0530][gc,heap       ] GC(28) Eden regions: 609->0(610)
[2018-11-05T18:02:15.645+0530][gc,heap       ] GC(28) Survivor regions: 5->4(77)
[2018-11-05T18:02:15.645+0530][gc,heap       ] GC(28) Old regions: 15->15
[2018-11-05T18:02:15.645+0530][gc,heap       ] GC(28) Humongous regions: 129->129
[2018-11-05T18:02:15.645+0530][gc,metaspace  ] GC(28) Metaspace: 42851K->42851K(1087488K)
[2018-11-05T18:02:15.646+0530][gc            ] GC(28) Pause Young (G1 Evacuation Pause) 757M->147M(1024M) 9.683ms
[2018-11-05T18:02:15.646+0530][gc,cpu        ] GC(28) User=0.03s Sys=0.00s Real=0.01s
[2018-11-06T09:36:50.557+0530][gc,heap,exit  ] Heap
[2018-11-06T09:36:50.557+0530][gc,heap,exit  ]  garbage-first heap   total 1048576K, used 219064K [0x00000000c0000000, 0x0000000100000000)
[2018-11-06T09:36:50.557+0530][gc,heap,exit  ]   region size 1024K, 71 young (72704K), 4 survivors (4096K)
[2018-11-06T09:36:50.557+0530][gc,heap,exit  ]  Metaspace       used 43488K, capacity 45039K, committed 45312K, reserved 1089536K
[2018-11-06T09:36:50.557+0530][gc,heap,exit  ]   class space    used 5154K, capacity 5565K, committed 5632K, reserved 1048576K
