[2018-11-06T09:45:38.220+0530][gc,heap] Heap region size: 1M
[2018-11-06T09:45:38.227+0530][gc     ] Using G1
[2018-11-06T09:45:38.227+0530][gc,heap,coops] Heap address: 0x00000000c0000000, size: 1024 MB, Compressed Oops mode: 32-bit
[2018-11-06T09:45:39.508+0530][gc,start     ] GC(0) Pause Initial Mark (Metadata GC Threshold)
[2018-11-06T09:45:39.509+0530][gc,task      ] GC(0) Using 4 workers of 4 for evacuation
[2018-11-06T09:45:39.517+0530][gc,phases    ] GC(0)   Pre Evacuate Collection Set: 0.0ms
[2018-11-06T09:45:39.517+0530][gc,phases    ] GC(0)   Evacuate Collection Set: 7.9ms
[2018-11-06T09:45:39.517+0530][gc,phases    ] GC(0)   Post Evacuate Collection Set: 0.3ms
[2018-11-06T09:45:39.517+0530][gc,phases    ] GC(0)   Other: 0.3ms
[2018-11-06T09:45:39.517+0530][gc,heap      ] GC(0) Eden regions: 39->0(44)
[2018-11-06T09:45:39.517+0530][gc,heap      ] GC(0) Survivor regions: 0->7(7)
[2018-11-06T09:45:39.517+0530][gc,heap      ] GC(0) Old regions: 0->0
[2018-11-06T09:45:39.517+0530][gc,heap      ] GC(0) Humongous regions: 0->0
[2018-11-06T09:45:39.517+0530][gc,metaspace ] GC(0) Metaspace: 20625K->20625K(1069056K)
[2018-11-06T09:45:39.517+0530][gc           ] GC(0) Pause Initial Mark (Metadata GC Threshold) 38M->6M(1024M) 8.608ms
[2018-11-06T09:45:39.517+0530][gc,cpu       ] GC(0) User=0.03s Sys=0.00s Real=0.00s
[2018-11-06T09:45:39.517+0530][gc           ] GC(1) Concurrent Cycle
[2018-11-06T09:45:39.517+0530][gc,marking   ] GC(1) Concurrent Clear Claimed Marks
[2018-11-06T09:45:39.517+0530][gc,marking   ] GC(1) Concurrent Clear Claimed Marks 0.041ms
[2018-11-06T09:45:39.517+0530][gc,marking   ] GC(1) Concurrent Scan Root Regions
[2018-11-06T09:45:39.521+0530][gc,marking   ] GC(1) Concurrent Scan Root Regions 3.633ms
[2018-11-06T09:45:39.521+0530][gc,marking   ] GC(1) Concurrent Mark (1.306s)
[2018-11-06T09:45:39.521+0530][gc,marking   ] GC(1) Concurrent Mark From Roots
[2018-11-06T09:45:39.521+0530][gc,task      ] GC(1) Using 1 workers of 1 for marking
[2018-11-06T09:45:39.521+0530][gc,marking   ] GC(1) Concurrent Mark From Roots 0.418ms
[2018-11-06T09:45:39.521+0530][gc,marking   ] GC(1) Concurrent Mark (1.306s, 1.306s) 0.450ms
[2018-11-06T09:45:39.523+0530][gc,start     ] GC(1) Pause Remark
[2018-11-06T09:45:39.527+0530][gc,stringtable] GC(1) Cleaned string and symbol table, strings: 8242 processed, 0 removed, symbols: 64846 processed, 42 removed
[2018-11-06T09:45:39.527+0530][gc            ] GC(1) Pause Remark 6M->6M(1024M) 4.110ms
[2018-11-06T09:45:39.527+0530][gc,cpu        ] GC(1) User=0.00s Sys=0.00s Real=0.01s
[2018-11-06T09:45:39.527+0530][gc,marking    ] GC(1) Concurrent Create Live Data
[2018-11-06T09:45:39.527+0530][gc,marking    ] GC(1) Concurrent Create Live Data 0.130ms
[2018-11-06T09:45:39.527+0530][gc,start      ] GC(1) Pause Cleanup
[2018-11-06T09:45:39.528+0530][gc            ] GC(1) Pause Cleanup 7M->7M(1024M) 0.694ms
[2018-11-06T09:45:39.528+0530][gc,cpu        ] GC(1) User=0.01s Sys=0.00s Real=0.00s
[2018-11-06T09:45:39.528+0530][gc,marking    ] GC(1) Concurrent Cleanup for Next Mark
[2018-11-06T09:45:39.531+0530][gc,marking    ] GC(1) Concurrent Cleanup for Next Mark 2.534ms
[2018-11-06T09:45:39.531+0530][gc            ] GC(1) Concurrent Cycle 13.678ms
[2018-11-06T09:45:41.343+0530][gc,start      ] GC(2) Pause Young (GCLocker Initiated GC)
[2018-11-06T09:45:41.343+0530][gc,task       ] GC(2) Using 4 workers of 4 for evacuation
[2018-11-06T09:45:41.355+0530][gc,phases     ] GC(2)   Pre Evacuate Collection Set: 0.0ms
[2018-11-06T09:45:41.355+0530][gc,phases     ] GC(2)   Evacuate Collection Set: 11.6ms
[2018-11-06T09:45:41.355+0530][gc,phases     ] GC(2)   Post Evacuate Collection Set: 0.4ms
[2018-11-06T09:45:41.355+0530][gc,phases     ] GC(2)   Other: 0.3ms
[2018-11-06T09:45:41.355+0530][gc,heap       ] GC(2) Eden regions: 45->0(48)
[2018-11-06T09:45:41.355+0530][gc,heap       ] GC(2) Survivor regions: 7->3(7)
[2018-11-06T09:45:41.355+0530][gc,heap       ] GC(2) Old regions: 0->7
[2018-11-06T09:45:41.355+0530][gc,heap       ] GC(2) Humongous regions: 129->129
[2018-11-06T09:45:41.355+0530][gc,metaspace  ] GC(2) Metaspace: 29849K->29849K(1077248K)
[2018-11-06T09:45:41.355+0530][gc            ] GC(2) Pause Young (GCLocker Initiated GC) 179M->137M(1024M) 12.415ms
[2018-11-06T09:45:41.355+0530][gc,cpu        ] GC(2) User=0.05s Sys=0.00s Real=0.01s
[2018-11-06T09:45:41.934+0530][gc,start      ] GC(3) Pause Initial Mark (Metadata GC Threshold)
[2018-11-06T09:45:41.934+0530][gc,task       ] GC(3) Using 4 workers of 4 for evacuation
[2018-11-06T09:45:41.942+0530][gc,phases     ] GC(3)   Pre Evacuate Collection Set: 0.1ms
[2018-11-06T09:45:41.942+0530][gc,phases     ] GC(3)   Evacuate Collection Set: 7.3ms
[2018-11-06T09:45:41.942+0530][gc,phases     ] GC(3)   Post Evacuate Collection Set: 0.3ms
[2018-11-06T09:45:41.942+0530][gc,phases     ] GC(3)   Other: 0.3ms
[2018-11-06T09:45:41.942+0530][gc,heap       ] GC(3) Eden regions: 28->0(46)
[2018-11-06T09:45:41.942+0530][gc,heap       ] GC(3) Survivor regions: 3->5(7)
[2018-11-06T09:45:41.942+0530][gc,heap       ] GC(3) Old regions: 7->7
[2018-11-06T09:45:41.942+0530][gc,heap       ] GC(3) Humongous regions: 129->129
[2018-11-06T09:45:41.942+0530][gc,metaspace  ] GC(3) Metaspace: 34738K->34738K(1081344K)
[2018-11-06T09:45:41.942+0530][gc            ] GC(3) Pause Initial Mark (Metadata GC Threshold) 165M->140M(1024M) 7.950ms
[2018-11-06T09:45:41.942+0530][gc,cpu        ] GC(3) User=0.02s Sys=0.00s Real=0.01s
[2018-11-06T09:45:41.942+0530][gc            ] GC(4) Concurrent Cycle
[2018-11-06T09:45:41.942+0530][gc,marking    ] GC(4) Concurrent Clear Claimed Marks
[2018-11-06T09:45:41.942+0530][gc,marking    ] GC(4) Concurrent Clear Claimed Marks 0.061ms
[2018-11-06T09:45:41.942+0530][gc,marking    ] GC(4) Concurrent Scan Root Regions
[2018-11-06T09:45:41.945+0530][gc,marking    ] GC(4) Concurrent Scan Root Regions 3.146ms
[2018-11-06T09:45:41.945+0530][gc,marking    ] GC(4) Concurrent Mark (3.730s)
[2018-11-06T09:45:41.945+0530][gc,marking    ] GC(4) Concurrent Mark From Roots
[2018-11-06T09:45:41.945+0530][gc,task       ] GC(4) Using 1 workers of 1 for marking
[2018-11-06T09:45:41.964+0530][gc,marking    ] GC(4) Concurrent Mark From Roots 18.733ms
[2018-11-06T09:45:41.964+0530][gc,marking    ] GC(4) Concurrent Mark (3.730s, 3.748s) 18.789ms
[2018-11-06T09:45:41.964+0530][gc,start      ] GC(4) Pause Remark
[2018-11-06T09:45:41.970+0530][gc,stringtable] GC(4) Cleaned string and symbol table, strings: 12453 processed, 7 removed, symbols: 100638 processed, 29 removed
[2018-11-06T09:45:41.970+0530][gc            ] GC(4) Pause Remark 141M->141M(1024M) 6.432ms
[2018-11-06T09:45:41.970+0530][gc,cpu        ] GC(4) User=0.02s Sys=0.00s Real=0.01s
[2018-11-06T09:45:41.970+0530][gc,marking    ] GC(4) Concurrent Create Live Data
[2018-11-06T09:45:41.973+0530][gc,marking    ] GC(4) Concurrent Create Live Data 2.673ms
[2018-11-06T09:45:41.973+0530][gc,start      ] GC(4) Pause Cleanup
[2018-11-06T09:45:41.974+0530][gc            ] GC(4) Pause Cleanup 141M->141M(1024M) 0.709ms
[2018-11-06T09:45:41.974+0530][gc,cpu        ] GC(4) User=0.00s Sys=0.00s Real=0.00s
[2018-11-06T09:45:41.974+0530][gc,marking    ] GC(4) Concurrent Cleanup for Next Mark
[2018-11-06T09:45:41.977+0530][gc,marking    ] GC(4) Concurrent Cleanup for Next Mark 2.727ms
[2018-11-06T09:45:41.977+0530][gc            ] GC(4) Concurrent Cycle 35.090ms
[2018-11-06T09:45:43.356+0530][gc,start      ] GC(5) Pause Initial Mark (G1 Evacuation Pause)
[2018-11-06T09:45:43.356+0530][gc,task       ] GC(5) Using 4 workers of 4 for evacuation
[2018-11-06T09:45:43.371+0530][gc,phases     ] GC(5)   Pre Evacuate Collection Set: 0.1ms
[2018-11-06T09:45:43.371+0530][gc,phases     ] GC(5)   Evacuate Collection Set: 13.8ms
[2018-11-06T09:45:43.371+0530][gc,phases     ] GC(5)   Post Evacuate Collection Set: 0.4ms
[2018-11-06T09:45:43.371+0530][gc,phases     ] GC(5)   Other: 0.4ms
[2018-11-06T09:45:43.371+0530][gc,heap       ] GC(5) Eden regions: 46->0(47)
[2018-11-06T09:45:43.371+0530][gc,heap       ] GC(5) Survivor regions: 5->4(7)
[2018-11-06T09:45:43.371+0530][gc,heap       ] GC(5) Old regions: 7->9
[2018-11-06T09:45:43.371+0530][gc,heap       ] GC(5) Humongous regions: 207->135
[2018-11-06T09:45:43.371+0530][gc,metaspace  ] GC(5) Metaspace: 39075K->39075K(1085440K)
[2018-11-06T09:45:43.371+0530][gc            ] GC(5) Pause Initial Mark (G1 Evacuation Pause) 264M->147M(1024M) 14.739ms
[2018-11-06T09:45:43.371+0530][gc,cpu        ] GC(5) User=0.06s Sys=0.00s Real=0.02s
[2018-11-06T09:45:43.371+0530][gc            ] GC(6) Concurrent Cycle
[2018-11-06T09:45:43.371+0530][gc,marking    ] GC(6) Concurrent Clear Claimed Marks
[2018-11-06T09:45:43.371+0530][gc,marking    ] GC(6) Concurrent Clear Claimed Marks 0.136ms
[2018-11-06T09:45:43.371+0530][gc,marking    ] GC(6) Concurrent Scan Root Regions
[2018-11-06T09:45:43.375+0530][gc,marking    ] GC(6) Concurrent Scan Root Regions 3.926ms
[2018-11-06T09:45:43.375+0530][gc,marking    ] GC(6) Concurrent Mark (5.160s)
[2018-11-06T09:45:43.375+0530][gc,marking    ] GC(6) Concurrent Mark From Roots
[2018-11-06T09:45:43.375+0530][gc,task       ] GC(6) Using 1 workers of 1 for marking
[2018-11-06T09:45:43.396+0530][gc,marking    ] GC(6) Concurrent Mark From Roots 21.233ms
[2018-11-06T09:45:43.396+0530][gc,marking    ] GC(6) Concurrent Mark (5.160s, 5.181s) 21.287ms
[2018-11-06T09:45:43.396+0530][gc,start      ] GC(6) Pause Remark
[2018-11-06T09:45:43.404+0530][gc,stringtable] GC(6) Cleaned string and symbol table, strings: 13670 processed, 0 removed, symbols: 103741 processed, 0 removed
[2018-11-06T09:45:43.404+0530][gc            ] GC(6) Pause Remark 159M->159M(1024M) 7.795ms
[2018-11-06T09:45:43.404+0530][gc,cpu        ] GC(6) User=0.03s Sys=0.00s Real=0.01s
[2018-11-06T09:45:43.404+0530][gc,marking    ] GC(6) Concurrent Create Live Data
[2018-11-06T09:45:43.407+0530][gc,marking    ] GC(6) Concurrent Create Live Data 3.113ms
[2018-11-06T09:45:43.408+0530][gc,start      ] GC(6) Pause Cleanup
[2018-11-06T09:45:43.408+0530][gc            ] GC(6) Pause Cleanup 159M->159M(1024M) 0.561ms
[2018-11-06T09:45:43.408+0530][gc,cpu        ] GC(6) User=0.00s Sys=0.00s Real=0.00s
[2018-11-06T09:45:43.408+0530][gc,marking    ] GC(6) Concurrent Cleanup for Next Mark
[2018-11-06T09:45:43.409+0530][gc,marking    ] GC(6) Concurrent Cleanup for Next Mark 0.997ms
[2018-11-06T09:45:43.409+0530][gc            ] GC(6) Concurrent Cycle 38.474ms
[2018-11-06T09:48:31.255+0530][gc,start      ] GC(7) Pause Young (G1 Evacuation Pause)
[2018-11-06T09:48:31.255+0530][gc,task       ] GC(7) Using 4 workers of 4 for evacuation
[2018-11-06T09:48:31.265+0530][gc,phases     ] GC(7)   Pre Evacuate Collection Set: 0.0ms
[2018-11-06T09:48:31.265+0530][gc,phases     ] GC(7)   Evacuate Collection Set: 9.0ms
[2018-11-06T09:48:31.265+0530][gc,phases     ] GC(7)   Post Evacuate Collection Set: 0.4ms
[2018-11-06T09:48:31.265+0530][gc,phases     ] GC(7)   Other: 0.3ms
[2018-11-06T09:48:31.265+0530][gc,heap       ] GC(7) Eden regions: 47->0(47)
[2018-11-06T09:48:31.265+0530][gc,heap       ] GC(7) Survivor regions: 4->4(7)
[2018-11-06T09:48:31.265+0530][gc,heap       ] GC(7) Old regions: 9->11
[2018-11-06T09:48:31.265+0530][gc,heap       ] GC(7) Humongous regions: 207->129
[2018-11-06T09:48:31.265+0530][gc,metaspace  ] GC(7) Metaspace: 40860K->40860K(1087488K)
[2018-11-06T09:48:31.265+0530][gc            ] GC(7) Pause Young (G1 Evacuation Pause) 266M->142M(1024M) 9.870ms
[2018-11-06T09:48:31.265+0530][gc,cpu        ] GC(7) User=0.04s Sys=0.00s Real=0.01s
[2018-11-06T09:53:33.166+0530][gc,start      ] GC(8) Pause Young (G1 Evacuation Pause)
[2018-11-06T09:53:33.166+0530][gc,task       ] GC(8) Using 4 workers of 4 for evacuation
[2018-11-06T09:53:33.174+0530][gc,phases     ] GC(8)   Pre Evacuate Collection Set: 0.0ms
[2018-11-06T09:53:33.174+0530][gc,phases     ] GC(8)   Evacuate Collection Set: 7.2ms
[2018-11-06T09:53:33.174+0530][gc,phases     ] GC(8)   Post Evacuate Collection Set: 0.3ms
[2018-11-06T09:53:33.174+0530][gc,phases     ] GC(8)   Other: 0.3ms
[2018-11-06T09:53:33.174+0530][gc,heap       ] GC(8) Eden regions: 47->0(47)
[2018-11-06T09:53:33.174+0530][gc,heap       ] GC(8) Survivor regions: 4->4(7)
[2018-11-06T09:53:33.174+0530][gc,heap       ] GC(8) Old regions: 11->11
[2018-11-06T09:53:33.174+0530][gc,heap       ] GC(8) Humongous regions: 129->129
[2018-11-06T09:53:33.174+0530][gc,metaspace  ] GC(8) Metaspace: 41173K->41173K(1087488K)
[2018-11-06T09:53:33.174+0530][gc            ] GC(8) Pause Young (G1 Evacuation Pause) 189M->143M(1024M) 7.929ms
[2018-11-06T09:53:33.174+0530][gc,cpu        ] GC(8) User=0.03s Sys=0.00s Real=0.01s
[2018-11-06T09:58:29.774+0530][gc,start      ] GC(9) Pause Young (G1 Evacuation Pause)
[2018-11-06T09:58:29.774+0530][gc,task       ] GC(9) Using 4 workers of 4 for evacuation
[2018-11-06T09:58:29.782+0530][gc,phases     ] GC(9)   Pre Evacuate Collection Set: 0.0ms
[2018-11-06T09:58:29.783+0530][gc,phases     ] GC(9)   Evacuate Collection Set: 8.4ms
[2018-11-06T09:58:29.783+0530][gc,phases     ] GC(9)   Post Evacuate Collection Set: 0.4ms
[2018-11-06T09:58:29.783+0530][gc,phases     ] GC(9)   Other: 0.2ms
[2018-11-06T09:58:29.783+0530][gc,heap       ] GC(9) Eden regions: 47->0(47)
[2018-11-06T09:58:29.783+0530][gc,heap       ] GC(9) Survivor regions: 4->4(7)
[2018-11-06T09:58:29.783+0530][gc,heap       ] GC(9) Old regions: 11->13
[2018-11-06T09:58:29.783+0530][gc,heap       ] GC(9) Humongous regions: 129->129
[2018-11-06T09:58:29.783+0530][gc,metaspace  ] GC(9) Metaspace: 41464K->41464K(1087488K)
[2018-11-06T09:58:29.783+0530][gc            ] GC(9) Pause Young (G1 Evacuation Pause) 190M->144M(1024M) 9.040ms
[2018-11-06T09:58:29.783+0530][gc,cpu        ] GC(9) User=0.03s Sys=0.00s Real=0.01s
[2018-11-06T10:40:46.755+0530][gc,start      ] GC(10) Pause Young (G1 Evacuation Pause)
[2018-11-06T10:40:46.755+0530][gc,task       ] GC(10) Using 4 workers of 4 for evacuation
[2018-11-06T10:40:46.761+0530][gc,phases     ] GC(10)   Pre Evacuate Collection Set: 0.0ms
[2018-11-06T10:40:46.761+0530][gc,phases     ] GC(10)   Evacuate Collection Set: 5.7ms
[2018-11-06T10:40:46.761+0530][gc,phases     ] GC(10)   Post Evacuate Collection Set: 0.2ms
[2018-11-06T10:40:46.761+0530][gc,phases     ] GC(10)   Other: 0.2ms
[2018-11-06T10:40:46.761+0530][gc,heap       ] GC(10) Eden regions: 47->0(48)
[2018-11-06T10:40:46.761+0530][gc,heap       ] GC(10) Survivor regions: 4->3(7)
[2018-11-06T10:40:46.761+0530][gc,heap       ] GC(10) Old regions: 13->13
[2018-11-06T10:40:46.761+0530][gc,heap       ] GC(10) Humongous regions: 129->129
[2018-11-06T10:40:46.761+0530][gc,metaspace  ] GC(10) Metaspace: 41541K->41541K(1087488K)
[2018-11-06T10:40:46.761+0530][gc            ] GC(10) Pause Young (G1 Evacuation Pause) 191M->144M(1024M) 6.235ms
[2018-11-06T10:40:46.761+0530][gc,cpu        ] GC(10) User=0.02s Sys=0.00s Real=0.00s
[2018-11-06T10:46:11.706+0530][gc,start      ] GC(11) Pause Young (G1 Evacuation Pause)
[2018-11-06T10:46:11.706+0530][gc,task       ] GC(11) Using 4 workers of 4 for evacuation
[2018-11-06T10:46:11.714+0530][gc,phases     ] GC(11)   Pre Evacuate Collection Set: 0.0ms
[2018-11-06T10:46:11.714+0530][gc,phases     ] GC(11)   Evacuate Collection Set: 7.1ms
[2018-11-06T10:46:11.714+0530][gc,phases     ] GC(11)   Post Evacuate Collection Set: 0.3ms
[2018-11-06T10:46:11.714+0530][gc,phases     ] GC(11)   Other: 0.3ms
[2018-11-06T10:46:11.714+0530][gc,heap       ] GC(11) Eden regions: 48->0(47)
[2018-11-06T10:46:11.714+0530][gc,heap       ] GC(11) Survivor regions: 3->4(7)
[2018-11-06T10:46:11.714+0530][gc,heap       ] GC(11) Old regions: 13->13
[2018-11-06T10:46:11.714+0530][gc,heap       ] GC(11) Humongous regions: 129->129
[2018-11-06T10:46:11.714+0530][gc,metaspace  ] GC(11) Metaspace: 41592K->41592K(1087488K)
[2018-11-06T10:46:11.714+0530][gc            ] GC(11) Pause Young (G1 Evacuation Pause) 192M->144M(1024M) 7.856ms
[2018-11-06T10:46:11.714+0530][gc,cpu        ] GC(11) User=0.03s Sys=0.00s Real=0.01s
[2018-11-06T10:51:12.382+0530][gc,start      ] GC(12) Pause Young (G1 Evacuation Pause)
[2018-11-06T10:51:12.382+0530][gc,task       ] GC(12) Using 4 workers of 4 for evacuation
[2018-11-06T10:51:12.393+0530][gc,phases     ] GC(12)   Pre Evacuate Collection Set: 0.0ms
[2018-11-06T10:51:12.393+0530][gc,phases     ] GC(12)   Evacuate Collection Set: 10.6ms
[2018-11-06T10:51:12.393+0530][gc,phases     ] GC(12)   Post Evacuate Collection Set: 0.4ms
[2018-11-06T10:51:12.393+0530][gc,phases     ] GC(12)   Other: 0.4ms
[2018-11-06T10:51:12.393+0530][gc,heap       ] GC(12) Eden regions: 47->0(50)
[2018-11-06T10:51:12.393+0530][gc,heap       ] GC(12) Survivor regions: 4->4(7)
[2018-11-06T10:51:12.393+0530][gc,heap       ] GC(12) Old regions: 13->13
[2018-11-06T10:51:12.393+0530][gc,heap       ] GC(12) Humongous regions: 129->129
[2018-11-06T10:51:12.393+0530][gc,metaspace  ] GC(12) Metaspace: 41652K->41652K(1087488K)
[2018-11-06T10:51:12.393+0530][gc            ] GC(12) Pause Young (G1 Evacuation Pause) 191M->144M(1024M) 11.499ms
[2018-11-06T10:51:12.393+0530][gc,cpu        ] GC(12) User=0.04s Sys=0.00s Real=0.02s
[2018-11-06T10:56:51.432+0530][gc,start      ] GC(13) Pause Young (G1 Evacuation Pause)
[2018-11-06T10:56:51.432+0530][gc,task       ] GC(13) Using 4 workers of 4 for evacuation
[2018-11-06T10:56:51.439+0530][gc,phases     ] GC(13)   Pre Evacuate Collection Set: 0.0ms
[2018-11-06T10:56:51.439+0530][gc,phases     ] GC(13)   Evacuate Collection Set: 6.8ms
[2018-11-06T10:56:51.439+0530][gc,phases     ] GC(13)   Post Evacuate Collection Set: 0.3ms
[2018-11-06T10:56:51.439+0530][gc,phases     ] GC(13)   Other: 0.2ms
[2018-11-06T10:56:51.439+0530][gc,heap       ] GC(13) Eden regions: 50->0(301)
[2018-11-06T10:56:51.439+0530][gc,heap       ] GC(13) Survivor regions: 4->4(7)
[2018-11-06T10:56:51.439+0530][gc,heap       ] GC(13) Old regions: 13->13
[2018-11-06T10:56:51.439+0530][gc,heap       ] GC(13) Humongous regions: 129->129
[2018-11-06T10:56:51.439+0530][gc,metaspace  ] GC(13) Metaspace: 41677K->41677K(1087488K)
[2018-11-06T10:56:51.439+0530][gc            ] GC(13) Pause Young (G1 Evacuation Pause) 194M->145M(1024M) 7.406ms
[2018-11-06T10:56:51.439+0530][gc,cpu        ] GC(13) User=0.02s Sys=0.00s Real=0.00s
[2018-11-06T11:25:45.715+0530][gc,start      ] GC(14) Pause Young (G1 Evacuation Pause)
[2018-11-06T11:25:45.715+0530][gc,task       ] GC(14) Using 4 workers of 4 for evacuation
[2018-11-06T11:25:45.725+0530][gc,phases     ] GC(14)   Pre Evacuate Collection Set: 0.0ms
[2018-11-06T11:25:45.725+0530][gc,phases     ] GC(14)   Evacuate Collection Set: 8.9ms
[2018-11-06T11:25:45.725+0530][gc,phases     ] GC(14)   Post Evacuate Collection Set: 0.4ms
[2018-11-06T11:25:45.725+0530][gc,phases     ] GC(14)   Other: 0.3ms
[2018-11-06T11:25:45.725+0530][gc,heap       ] GC(14) Eden regions: 301->0(238)
[2018-11-06T11:25:45.725+0530][gc,heap       ] GC(14) Survivor regions: 4->6(39)
[2018-11-06T11:25:45.725+0530][gc,heap       ] GC(14) Old regions: 13->13
[2018-11-06T11:25:45.725+0530][gc,heap       ] GC(14) Humongous regions: 129->129
[2018-11-06T11:25:45.725+0530][gc,metaspace  ] GC(14) Metaspace: 41777K->41777K(1087488K)
[2018-11-06T11:25:45.725+0530][gc            ] GC(14) Pause Young (G1 Evacuation Pause) 446M->146M(1024M) 9.680ms
[2018-11-06T11:25:45.725+0530][gc,cpu        ] GC(14) User=0.02s Sys=0.01s Real=0.01s
[2018-11-06T11:52:39.582+0530][gc,start      ] GC(15) Pause Young (G1 Evacuation Pause)
[2018-11-06T11:52:39.582+0530][gc,task       ] GC(15) Using 4 workers of 4 for evacuation
[2018-11-06T11:52:39.592+0530][gc,phases     ] GC(15)   Pre Evacuate Collection Set: 0.0ms
[2018-11-06T11:52:39.592+0530][gc,phases     ] GC(15)   Evacuate Collection Set: 8.8ms
[2018-11-06T11:52:39.592+0530][gc,phases     ] GC(15)   Post Evacuate Collection Set: 0.4ms
[2018-11-06T11:52:39.592+0530][gc,phases     ] GC(15)   Other: 0.2ms
[2018-11-06T11:52:39.592+0530][gc,heap       ] GC(15) Eden regions: 238->0(300)
[2018-11-06T11:52:39.592+0530][gc,heap       ] GC(15) Survivor regions: 6->6(31)
[2018-11-06T11:52:39.592+0530][gc,heap       ] GC(15) Old regions: 13->13
[2018-11-06T11:52:39.592+0530][gc,heap       ] GC(15) Humongous regions: 129->129
[2018-11-06T11:52:39.592+0530][gc,metaspace  ] GC(15) Metaspace: 42060K->42060K(1087488K)
[2018-11-06T11:52:39.592+0530][gc            ] GC(15) Pause Young (G1 Evacuation Pause) 384M->146M(1024M) 9.531ms
[2018-11-06T11:52:39.592+0530][gc,cpu        ] GC(15) User=0.04s Sys=0.00s Real=0.02s
[2018-11-06T12:25:53.312+0530][gc,start      ] GC(16) Pause Young (G1 Evacuation Pause)
[2018-11-06T12:25:53.312+0530][gc,task       ] GC(16) Using 4 workers of 4 for evacuation
[2018-11-06T12:25:53.321+0530][gc,phases     ] GC(16)   Pre Evacuate Collection Set: 0.0ms
[2018-11-06T12:25:53.321+0530][gc,phases     ] GC(16)   Evacuate Collection Set: 8.9ms
[2018-11-06T12:25:53.321+0530][gc,phases     ] GC(16)   Post Evacuate Collection Set: 0.4ms
[2018-11-06T12:25:53.321+0530][gc,phases     ] GC(16)   Other: 0.2ms
[2018-11-06T12:25:53.321+0530][gc,heap       ] GC(16) Eden regions: 296->0(300)
[2018-11-06T12:25:53.321+0530][gc,heap       ] GC(16) Survivor regions: 6->6(38)
[2018-11-06T12:25:53.321+0530][gc,heap       ] GC(16) Old regions: 13->13
[2018-11-06T12:25:53.321+0530][gc,heap       ] GC(16) Humongous regions: 129->129
[2018-11-06T12:25:53.321+0530][gc,metaspace  ] GC(16) Metaspace: 42444K->42444K(1087488K)
[2018-11-06T12:25:53.321+0530][gc            ] GC(16) Pause Young (G1 Evacuation Pause) 442M->146M(1024M) 9.624ms
[2018-11-06T12:25:53.321+0530][gc,cpu        ] GC(16) User=0.04s Sys=0.00s Real=0.00s
[2018-11-06T12:25:56.323+0530][gc,heap,exit  ] Heap
[2018-11-06T12:25:56.323+0530][gc,heap,exit  ]  garbage-first heap   total 1048576K, used 157541K [0x00000000c0000000, 0x0000000100000000)
[2018-11-06T12:25:56.323+0530][gc,heap,exit  ]   region size 1024K, 14 young (14336K), 6 survivors (6144K)
[2018-11-06T12:25:56.323+0530][gc,heap,exit  ]  Metaspace       used 42769K, capacity 44296K, committed 44672K, reserved 1089536K
[2018-11-06T12:25:56.323+0530][gc,heap,exit  ]   class space    used 5110K, capacity 5496K, committed 5504K, reserved 1048576K
