[2018-11-06T14:55:38.282+0530][gc,heap] Heap region size: 1M
[2018-11-06T14:55:38.286+0530][gc     ] Using G1
[2018-11-06T14:55:38.286+0530][gc,heap,coops] Heap address: 0x00000000e0000000, size: 512 MB, Compressed Oops mode: 32-bit
[2018-11-06T14:56:43.680+0530][gc,start     ] GC(0) Pause Young (G1 Evacuation Pause)
[2018-11-06T14:56:43.680+0530][gc,task      ] GC(0) Using 4 workers of 4 for evacuation
[2018-11-06T14:56:43.692+0530][gc,phases    ] GC(0)   Pre Evacuate Collection Set: 0.0ms
[2018-11-06T14:56:43.692+0530][gc,phases    ] GC(0)   Evacuate Collection Set: 12.0ms
[2018-11-06T14:56:43.692+0530][gc,phases    ] GC(0)   Post Evacuate Collection Set: 0.2ms
[2018-11-06T14:56:43.692+0530][gc,phases    ] GC(0)   Other: 0.3ms
[2018-11-06T14:56:43.692+0530][gc,heap      ] GC(0) Eden regions: 25->0(21)
[2018-11-06T14:56:43.692+0530][gc,heap      ] GC(0) Survivor regions: 0->4(4)
[2018-11-06T14:56:43.692+0530][gc,heap      ] GC(0) Old regions: 0->2
[2018-11-06T14:56:43.692+0530][gc,heap      ] GC(0) Humongous regions: 0->0
[2018-11-06T14:56:43.692+0530][gc,metaspace ] GC(0) Metaspace: 15060K->15060K(1062912K)
[2018-11-06T14:56:43.692+0530][gc           ] GC(0) Pause Young (G1 Evacuation Pause) 25M->5M(512M) 12.744ms
[2018-11-06T14:56:43.692+0530][gc,cpu       ] GC(0) User=0.02s Sys=0.02s Real=0.02s
[2018-11-06T15:01:20.448+0530][gc,heap,exit ] Heap
[2018-11-06T15:01:20.448+0530][gc,heap,exit ]  garbage-first heap   total 524288K, used 6759K [0x00000000e0000000, 0x0000000100000000)
[2018-11-06T15:01:20.448+0530][gc,heap,exit ]   region size 1024K, 6 young (6144K), 4 survivors (4096K)
[2018-11-06T15:01:20.448+0530][gc,heap,exit ]  Metaspace       used 15137K, capacity 15425K, committed 15744K, reserved 1062912K
[2018-11-06T15:01:20.448+0530][gc,heap,exit ]   class space    used 1467K, capacity 1590K, committed 1664K, reserved 1048576K
