[2018-11-06T12:25:51.163+0530][gc,heap] Heap region size: 1M
[2018-11-06T12:25:51.167+0530][gc     ] Using G1
[2018-11-06T12:25:51.167+0530][gc,heap,coops] Heap address: 0x00000000e0000000, size: 512 MB, Compressed Oops mode: 32-bit
[2018-11-06T12:27:22.904+0530][gc,start     ] GC(0) Pause Young (G1 Evacuation Pause)
[2018-11-06T12:27:22.904+0530][gc,task      ] GC(0) Using 4 workers of 4 for evacuation
[2018-11-06T12:27:22.916+0530][gc,phases    ] GC(0)   Pre Evacuate Collection Set: 0.0ms
[2018-11-06T12:27:22.916+0530][gc,phases    ] GC(0)   Evacuate Collection Set: 11.6ms
[2018-11-06T12:27:22.916+0530][gc,phases    ] GC(0)   Post Evacuate Collection Set: 0.3ms
[2018-11-06T12:27:22.916+0530][gc,phases    ] GC(0)   Other: 0.3ms
[2018-11-06T12:27:22.916+0530][gc,heap      ] GC(0) Eden regions: 25->0(21)
[2018-11-06T12:27:22.916+0530][gc,heap      ] GC(0) Survivor regions: 0->4(4)
[2018-11-06T12:27:22.916+0530][gc,heap      ] GC(0) Old regions: 0->2
[2018-11-06T12:27:22.916+0530][gc,heap      ] GC(0) Humongous regions: 0->0
[2018-11-06T12:27:22.916+0530][gc,metaspace ] GC(0) Metaspace: 15103K->15103K(1062912K)
[2018-11-06T12:27:22.916+0530][gc           ] GC(0) Pause Young (G1 Evacuation Pause) 25M->5M(512M) 12.321ms
[2018-11-06T12:27:22.916+0530][gc,cpu       ] GC(0) User=0.04s Sys=0.00s Real=0.01s
[2018-11-06T14:44:55.338+0530][gc,heap,exit ] Heap
[2018-11-06T14:44:55.361+0530][gc,heap,exit ]  garbage-first heap   total 524288K, used 10910K [0x00000000e0000000, 0x0000000100000000)
[2018-11-06T14:44:55.361+0530][gc,heap,exit ]   region size 1024K, 10 young (10240K), 4 survivors (4096K)
[2018-11-06T14:44:55.361+0530][gc,heap,exit ]  Metaspace       used 15290K, capacity 15552K, committed 15744K, reserved 1062912K
[2018-11-06T14:44:55.361+0530][gc,heap,exit ]   class space    used 1468K, capacity 1590K, committed 1664K, reserved 1048576K
