[2018-11-05T00:32:20.451+0530][gc,heap] Heap region size: 1M
[2018-11-05T00:32:20.457+0530][gc     ] Using G1
[2018-11-05T00:32:20.457+0530][gc,heap,coops] Heap address: 0x00000000c0000000, size: 1024 MB, Compressed Oops mode: 32-bit
[2018-11-05T00:32:21.662+0530][gc,start     ] GC(0) Pause Initial Mark (Metadata GC Threshold)
[2018-11-05T00:32:21.662+0530][gc,task      ] GC(0) Using 4 workers of 4 for evacuation
[2018-11-05T00:32:21.672+0530][gc,phases    ] GC(0)   Pre Evacuate Collection Set: 0.0ms
[2018-11-05T00:32:21.672+0530][gc,phases    ] GC(0)   Evacuate Collection Set: 8.5ms
[2018-11-05T00:32:21.672+0530][gc,phases    ] GC(0)   Post Evacuate Collection Set: 0.4ms
[2018-11-05T00:32:21.672+0530][gc,phases    ] GC(0)   Other: 0.3ms
[2018-11-05T00:32:21.672+0530][gc,heap      ] GC(0) Eden regions: 39->0(44)
[2018-11-05T00:32:21.672+0530][gc,heap      ] GC(0) Survivor regions: 0->7(7)
[2018-11-05T00:32:21.672+0530][gc,heap      ] GC(0) Old regions: 0->0
[2018-11-05T00:32:21.672+0530][gc,heap      ] GC(0) Humongous regions: 0->0
[2018-11-05T00:32:21.672+0530][gc,metaspace ] GC(0) Metaspace: 20647K->20647K(1069056K)
[2018-11-05T00:32:21.672+0530][gc           ] GC(0) Pause Initial Mark (Metadata GC Threshold) 38M->6M(1024M) 9.239ms
[2018-11-05T00:32:21.672+0530][gc,cpu       ] GC(0) User=0.03s Sys=0.00s Real=0.01s
[2018-11-05T00:32:21.672+0530][gc           ] GC(1) Concurrent Cycle
[2018-11-05T00:32:21.672+0530][gc,marking   ] GC(1) Concurrent Clear Claimed Marks
[2018-11-05T00:32:21.672+0530][gc,marking   ] GC(1) Concurrent Clear Claimed Marks 0.047ms
[2018-11-05T00:32:21.672+0530][gc,marking   ] GC(1) Concurrent Scan Root Regions
[2018-11-05T00:32:21.676+0530][gc,marking   ] GC(1) Concurrent Scan Root Regions 4.115ms
[2018-11-05T00:32:21.676+0530][gc,marking   ] GC(1) Concurrent Mark (1.230s)
[2018-11-05T00:32:21.676+0530][gc,marking   ] GC(1) Concurrent Mark From Roots
[2018-11-05T00:32:21.676+0530][gc,task      ] GC(1) Using 1 workers of 1 for marking
[2018-11-05T00:32:21.678+0530][gc,marking   ] GC(1) Concurrent Mark From Roots 2.152ms
[2018-11-05T00:32:21.678+0530][gc,marking   ] GC(1) Concurrent Mark (1.230s, 1.233s) 2.202ms
[2018-11-05T00:32:21.678+0530][gc,start     ] GC(1) Pause Remark
[2018-11-05T00:32:21.683+0530][gc,stringtable] GC(1) Cleaned string and symbol table, strings: 8281 processed, 0 removed, symbols: 64900 processed, 42 removed
[2018-11-05T00:32:21.683+0530][gc            ] GC(1) Pause Remark 6M->6M(1024M) 4.625ms
[2018-11-05T00:32:21.683+0530][gc,cpu        ] GC(1) User=0.01s Sys=0.00s Real=0.01s
[2018-11-05T00:32:21.683+0530][gc,marking    ] GC(1) Concurrent Create Live Data
[2018-11-05T00:32:21.683+0530][gc,marking    ] GC(1) Concurrent Create Live Data 0.092ms
[2018-11-05T00:32:21.683+0530][gc,start      ] GC(1) Pause Cleanup
[2018-11-05T00:32:21.684+0530][gc            ] GC(1) Pause Cleanup 6M->6M(1024M) 0.603ms
[2018-11-05T00:32:21.684+0530][gc,cpu        ] GC(1) User=0.00s Sys=0.00s Real=0.00s
[2018-11-05T00:32:21.684+0530][gc,marking    ] GC(1) Concurrent Cleanup for Next Mark
[2018-11-05T00:32:21.686+0530][gc,marking    ] GC(1) Concurrent Cleanup for Next Mark 2.372ms
[2018-11-05T00:32:21.686+0530][gc            ] GC(1) Concurrent Cycle 14.452ms
[2018-11-05T00:32:22.811+0530][gc,start      ] GC(2) Pause Young (G1 Evacuation Pause)
[2018-11-05T00:32:22.811+0530][gc,task       ] GC(2) Using 4 workers of 4 for evacuation
[2018-11-05T00:32:22.822+0530][gc,phases     ] GC(2)   Pre Evacuate Collection Set: 0.0ms
[2018-11-05T00:32:22.823+0530][gc,phases     ] GC(2)   Evacuate Collection Set: 10.4ms
[2018-11-05T00:32:22.823+0530][gc,phases     ] GC(2)   Post Evacuate Collection Set: 0.4ms
[2018-11-05T00:32:22.823+0530][gc,phases     ] GC(2)   Other: 0.3ms
[2018-11-05T00:32:22.823+0530][gc,heap       ] GC(2) Eden regions: 44->0(48)
[2018-11-05T00:32:22.823+0530][gc,heap       ] GC(2) Survivor regions: 7->3(7)
[2018-11-05T00:32:22.823+0530][gc,heap       ] GC(2) Old regions: 0->7
[2018-11-05T00:32:22.823+0530][gc,heap       ] GC(2) Humongous regions: 129->129
[2018-11-05T00:32:22.823+0530][gc,metaspace  ] GC(2) Metaspace: 29841K->29841K(1077248K)
[2018-11-05T00:32:22.823+0530][gc            ] GC(2) Pause Young (G1 Evacuation Pause) 179M->137M(1024M) 11.213ms
[2018-11-05T00:32:22.823+0530][gc,cpu        ] GC(2) User=0.04s Sys=0.00s Real=0.01s
[2018-11-05T00:32:23.274+0530][gc,start      ] GC(3) Pause Initial Mark (Metadata GC Threshold)
[2018-11-05T00:32:23.274+0530][gc,task       ] GC(3) Using 4 workers of 4 for evacuation
[2018-11-05T00:32:23.286+0530][gc,phases     ] GC(3)   Pre Evacuate Collection Set: 0.1ms
[2018-11-05T00:32:23.286+0530][gc,phases     ] GC(3)   Evacuate Collection Set: 11.3ms
[2018-11-05T00:32:23.286+0530][gc,phases     ] GC(3)   Post Evacuate Collection Set: 0.3ms
[2018-11-05T00:32:23.286+0530][gc,phases     ] GC(3)   Other: 0.3ms
[2018-11-05T00:32:23.286+0530][gc,heap       ] GC(3) Eden regions: 27->0(46)
[2018-11-05T00:32:23.286+0530][gc,heap       ] GC(3) Survivor regions: 3->5(7)
[2018-11-05T00:32:23.286+0530][gc,heap       ] GC(3) Old regions: 7->7
[2018-11-05T00:32:23.286+0530][gc,heap       ] GC(3) Humongous regions: 129->129
[2018-11-05T00:32:23.286+0530][gc,metaspace  ] GC(3) Metaspace: 34707K->34707K(1081344K)
[2018-11-05T00:32:23.286+0530][gc            ] GC(3) Pause Initial Mark (Metadata GC Threshold) 163M->139M(1024M) 11.990ms
[2018-11-05T00:32:23.286+0530][gc,cpu        ] GC(3) User=0.03s Sys=0.00s Real=0.01s
[2018-11-05T00:32:23.286+0530][gc            ] GC(4) Concurrent Cycle
[2018-11-05T00:32:23.286+0530][gc,marking    ] GC(4) Concurrent Clear Claimed Marks
[2018-11-05T00:32:23.286+0530][gc,marking    ] GC(4) Concurrent Clear Claimed Marks 0.087ms
[2018-11-05T00:32:23.286+0530][gc,marking    ] GC(4) Concurrent Scan Root Regions
[2018-11-05T00:32:23.289+0530][gc,marking    ] GC(4) Concurrent Scan Root Regions 3.620ms
[2018-11-05T00:32:23.289+0530][gc,marking    ] GC(4) Concurrent Mark (2.844s)
[2018-11-05T00:32:23.289+0530][gc,marking    ] GC(4) Concurrent Mark From Roots
[2018-11-05T00:32:23.290+0530][gc,task       ] GC(4) Using 1 workers of 1 for marking
[2018-11-05T00:32:23.305+0530][gc,marking    ] GC(4) Concurrent Mark From Roots 15.210ms
[2018-11-05T00:32:23.305+0530][gc,marking    ] GC(4) Concurrent Mark (2.844s, 2.859s) 15.271ms
[2018-11-05T00:32:23.307+0530][gc,start      ] GC(4) Pause Remark
[2018-11-05T00:32:23.312+0530][gc,stringtable] GC(4) Cleaned string and symbol table, strings: 12306 processed, 7 removed, symbols: 100386 processed, 29 removed
[2018-11-05T00:32:23.312+0530][gc            ] GC(4) Pause Remark 141M->141M(1024M) 5.495ms
[2018-11-05T00:32:23.312+0530][gc,cpu        ] GC(4) User=0.02s Sys=0.00s Real=0.00s
[2018-11-05T00:32:23.312+0530][gc,marking    ] GC(4) Concurrent Create Live Data
[2018-11-05T00:32:23.315+0530][gc,marking    ] GC(4) Concurrent Create Live Data 2.614ms
[2018-11-05T00:32:23.317+0530][gc,start      ] GC(4) Pause Cleanup
[2018-11-05T00:32:23.318+0530][gc            ] GC(4) Pause Cleanup 141M->141M(1024M) 0.619ms
[2018-11-05T00:32:23.318+0530][gc,cpu        ] GC(4) User=0.00s Sys=0.00s Real=0.00s
[2018-11-05T00:32:23.318+0530][gc,marking    ] GC(4) Concurrent Cleanup for Next Mark
[2018-11-05T00:32:23.327+0530][gc,marking    ] GC(4) Concurrent Cleanup for Next Mark 9.280ms
[2018-11-05T00:32:23.327+0530][gc            ] GC(4) Concurrent Cycle 41.520ms
[2018-11-05T00:34:12.906+0530][gc,start      ] GC(5) Pause Young (G1 Evacuation Pause)
[2018-11-05T00:34:12.906+0530][gc,task       ] GC(5) Using 4 workers of 4 for evacuation
[2018-11-05T00:34:12.916+0530][gc,phases     ] GC(5)   Pre Evacuate Collection Set: 0.0ms
[2018-11-05T00:34:12.916+0530][gc,phases     ] GC(5)   Evacuate Collection Set: 9.1ms
[2018-11-05T00:34:12.916+0530][gc,phases     ] GC(5)   Post Evacuate Collection Set: 0.4ms
[2018-11-05T00:34:12.916+0530][gc,phases     ] GC(5)   Other: 0.4ms
[2018-11-05T00:34:12.916+0530][gc,heap       ] GC(5) Eden regions: 46->0(46)
[2018-11-05T00:34:12.916+0530][gc,heap       ] GC(5) Survivor regions: 5->5(7)
[2018-11-05T00:34:12.916+0530][gc,heap       ] GC(5) Old regions: 7->9
[2018-11-05T00:34:12.916+0530][gc,heap       ] GC(5) Humongous regions: 183->129
[2018-11-05T00:34:12.916+0530][gc,metaspace  ] GC(5) Metaspace: 40427K->40427K(1085440K)
[2018-11-05T00:34:12.916+0530][gc            ] GC(5) Pause Young (G1 Evacuation Pause) 239M->142M(1024M) 9.992ms
[2018-11-05T00:34:12.916+0530][gc,cpu        ] GC(5) User=0.02s Sys=0.01s Real=0.01s
[2018-11-05T00:48:30.487+0530][gc,heap,exit  ] Heap
[2018-11-05T00:48:30.487+0530][gc,heap,exit  ]  garbage-first heap   total 1048576K, used 162043K [0x00000000c0000000, 0x0000000100000000)
[2018-11-05T00:48:30.487+0530][gc,heap,exit  ]   region size 1024K, 22 young (22528K), 5 survivors (5120K)
[2018-11-05T00:48:30.487+0530][gc,heap,exit  ]  Metaspace       used 41388K, capacity 42747K, committed 43392K, reserved 1087488K
[2018-11-05T00:48:30.487+0530][gc,heap,exit  ]   class space    used 5030K, capacity 5415K, committed 5504K, reserved 1048576K
