[2018-11-05T09:33:18.936+0530][gc,heap] Heap region size: 1M
[2018-11-05T09:33:18.940+0530][gc     ] Using G1
[2018-11-05T09:33:18.940+0530][gc,heap,coops] Heap address: 0x00000000e0000000, size: 512 MB, Compressed Oops mode: 32-bit
[2018-11-05T09:40:01.880+0530][gc,start     ] GC(0) Pause Young (G1 Evacuation Pause)
[2018-11-05T09:40:01.880+0530][gc,task      ] GC(0) Using 4 workers of 4 for evacuation
[2018-11-05T09:40:01.891+0530][gc,phases    ] GC(0)   Pre Evacuate Collection Set: 0.0ms
[2018-11-05T09:40:01.891+0530][gc,phases    ] GC(0)   Evacuate Collection Set: 10.3ms
[2018-11-05T09:40:01.891+0530][gc,phases    ] GC(0)   Post Evacuate Collection Set: 0.3ms
[2018-11-05T09:40:01.891+0530][gc,phases    ] GC(0)   Other: 0.2ms
[2018-11-05T09:40:01.891+0530][gc,heap      ] GC(0) Eden regions: 25->0(21)
[2018-11-05T09:40:01.891+0530][gc,heap      ] GC(0) Survivor regions: 0->4(4)
[2018-11-05T09:40:01.891+0530][gc,heap      ] GC(0) Old regions: 0->2
[2018-11-05T09:40:01.891+0530][gc,heap      ] GC(0) Humongous regions: 0->0
[2018-11-05T09:40:01.891+0530][gc,metaspace ] GC(0) Metaspace: 15082K->15082K(1062912K)
[2018-11-05T09:40:01.891+0530][gc           ] GC(0) Pause Young (G1 Evacuation Pause) 25M->5M(512M) 10.843ms
[2018-11-05T09:40:01.891+0530][gc,cpu       ] GC(0) User=0.02s Sys=0.00s Real=0.01s
[2018-11-05T15:09:39.967+0530][gc,start     ] GC(1) Pause Young (G1 Evacuation Pause)
[2018-11-05T15:09:39.988+0530][gc,task      ] GC(1) Using 4 workers of 4 for evacuation
[2018-11-05T15:09:40.001+0530][gc,phases    ] GC(1)   Pre Evacuate Collection Set: 0.0ms
[2018-11-05T15:09:40.001+0530][gc,phases    ] GC(1)   Evacuate Collection Set: 12.4ms
[2018-11-05T15:09:40.001+0530][gc,phases    ] GC(1)   Post Evacuate Collection Set: 0.2ms
[2018-11-05T15:09:40.001+0530][gc,phases    ] GC(1)   Other: 21.4ms
[2018-11-05T15:09:40.001+0530][gc,heap      ] GC(1) Eden regions: 21->0(24)
[2018-11-05T15:09:40.001+0530][gc,heap      ] GC(1) Survivor regions: 4->1(4)
[2018-11-05T15:09:40.001+0530][gc,heap      ] GC(1) Old regions: 2->6
[2018-11-05T15:09:40.001+0530][gc,heap      ] GC(1) Humongous regions: 0->0
[2018-11-05T15:09:40.001+0530][gc,metaspace ] GC(1) Metaspace: 15265K->15265K(1062912K)
[2018-11-05T15:09:40.001+0530][gc           ] GC(1) Pause Young (G1 Evacuation Pause) 26M->6M(512M) 34.191ms
[2018-11-05T15:09:40.001+0530][gc,cpu       ] GC(1) User=0.02s Sys=0.00s Real=0.03s
[2018-11-05T18:00:41.987+0530][gc,heap,exit ] Heap
[2018-11-05T18:00:42.010+0530][gc,heap,exit ]  garbage-first heap   total 524288K, used 20624K [0x00000000e0000000, 0x0000000100000000)
[2018-11-05T18:00:42.010+0530][gc,heap,exit ]   region size 1024K, 16 young (16384K), 1 survivors (1024K)
[2018-11-05T18:00:42.010+0530][gc,heap,exit ]  Metaspace       used 15303K, capacity 15557K, committed 15744K, reserved 1062912K
[2018-11-05T18:00:42.010+0530][gc,heap,exit ]   class space    used 1468K, capacity 1590K, committed 1664K, reserved 1048576K
